NEUTRAL_SAVED_OUTPUT_ADMITTED original_job_id=7366 original_child_exit=1 supplemental_sha256=c3c44a8a6c71a5b8e0166dc26477e18ab823c708d75faabe0b367ba8a13bec7c fixture_non_scientific=true
┌ Info: NEUTRAL_ABL_RUN_START
│   case_id = "neutral_n096_weno9_surface_layer_t300_s1"
└   settings = (nx = 96, ny = 96, nz = 96, domain_m = (3000, 3000, 1000), closure_name = "surface_layer", filter_seconds = 300.0, support = 1, stop_time = 18000.0, seed = 1994, initial_state_sha256 = (u_sha256 = "c4d7f458e5eaf617761c0a038d2c528cce90a51ca5b5b6b79267de965e5480ac", v_sha256 = "8fb4821696aa08647e2a8f4e6f3f650492804727d859544c05a286764b60b64c", theta_sha256 = "3aad12354822c5331632e532dcbefb923e257ff9a673b3144fd493f737e8b0ba", w_sha256 = "850cd43555630366e441e30eede43b8b1aa31913814e37ad3055db337e91a700"), initial_dt = 0.5f0, wizard_cfl = 0.7, architecture = "CUDAGPU", fixture = false, oceananigans_version = "0.113.0", diagnostics_enabled = true, profile_interval = 600.0, series_interval = 60.0, checkpoint_interval = 3600.0, friction_velocity = 0.5f0, surface_density = 1.1614301f0, fixed_stress_no_roughness = true, surface_heat_flux = 0.0, inversion_base_m = 468.0, inversion_thickness_m = 62.5, inversion_jump_K = 8.0, free_troposphere_gradient_K_m = 0.003, sponge_width_m = 200.0f0, sponge_rate_s_inverse = 0.01f0, energy_sponge_interface = "rhoE converted to rho-theta tendency by dry cp*Exner")
[ Info: Initializing simulation...
[ Info: [neutral_n096_weno9_surface_layer_t300_s1] iter 0 t=0 seconds dt=550.000 ms NaN s/step max|w|=0.0051 theta=[299.950,309.393] CFL target=.7
[ Info:     ... simulation initialization complete (1.907 minutes)
[ Info: Executing initial time step...
[ Info:     ... initial time step complete (9.739 seconds).
[ Info: [neutral_n096_weno9_surface_layer_t300_s1] iter 1000 t=19.129 minutes dt=1.111 seconds 0.0626 s/step max|w|=2.36 theta=[299.967,309.393] CFL target=.7
[ Info: [neutral_n096_weno9_surface_layer_t300_s1] iter 2000 t=37.393 minutes dt=1.130 seconds 0.0152 s/step max|w|=2.04 theta=[299.982,309.393] CFL target=.7
[ Info: [neutral_n096_weno9_surface_layer_t300_s1] iter 3000 t=55.400 minutes dt=1.103 seconds 0.0161 s/step max|w|=2.28 theta=[299.896,309.393] CFL target=.7
[ Info: [neutral_n096_weno9_surface_layer_t300_s1] iter 4000 t=1.224 hours dt=1.118 seconds 0.0155 s/step max|w|=2.73 theta=[299.955,309.393] CFL target=.7
[ Info: [neutral_n096_weno9_surface_layer_t300_s1] iter 5000 t=1.529 hours dt=1.106 seconds 0.0162 s/step max|w|=2.41 theta=[299.965,309.393] CFL target=.7
[ Info: [neutral_n096_weno9_surface_layer_t300_s1] iter 6000 t=1.843 hours dt=1.165 seconds 0.0163 s/step max|w|=2.51 theta=[299.968,309.393] CFL target=.7
[ Info: [neutral_n096_weno9_surface_layer_t300_s1] iter 7000 t=2.155 hours dt=1.119 seconds 0.0156 s/step max|w|=2.51 theta=[299.971,309.393] CFL target=.7
[ Info: [neutral_n096_weno9_surface_layer_t300_s1] iter 8000 t=2.469 hours dt=1.105 seconds 0.0164 s/step max|w|=2.08 theta=[299.948,309.393] CFL target=.7
[ Info: [neutral_n096_weno9_surface_layer_t300_s1] iter 9000 t=2.779 hours dt=1.196 seconds 0.0164 s/step max|w|=2.38 theta=[299.931,309.393] CFL target=.7
[ Info: [neutral_n096_weno9_surface_layer_t300_s1] iter 10000 t=3.096 hours dt=1.128 seconds 0.0168 s/step max|w|=2.29 theta=[299.961,309.393] CFL target=.7
[ Info: [neutral_n096_weno9_surface_layer_t300_s1] iter 11000 t=3.406 hours dt=1.105 seconds 0.0158 s/step max|w|=2.2 theta=[299.943,309.393] CFL target=.7
[ Info: [neutral_n096_weno9_surface_layer_t300_s1] iter 12000 t=3.715 hours dt=1.056 seconds 0.0169 s/step max|w|=3.3 theta=[299.956,309.393] CFL target=.7
[ Info: [neutral_n096_weno9_surface_layer_t300_s1] iter 13000 t=4.016 hours dt=1.097 seconds 0.0172 s/step max|w|=2.68 theta=[299.965,309.393] CFL target=.7
[ Info: [neutral_n096_weno9_surface_layer_t300_s1] iter 14000 t=4.318 hours dt=1.094 seconds 0.0174 s/step max|w|=2.98 theta=[299.925,309.393] CFL target=.7
[ Info: [neutral_n096_weno9_surface_layer_t300_s1] iter 15000 t=4.599 hours dt=961.893 ms 0.0175 s/step max|w|=2.68 theta=[299.832,309.393] CFL target=.7
[ Info: [neutral_n096_weno9_surface_layer_t300_s1] iter 16000 t=4.877 hours dt=1.003 seconds 0.0168 s/step max|w|=2.1 theta=[299.866,309.393] CFL target=.7
[ Info: Simulation is stopping after running for 6.725 minutes.
[ Info: Simulation time 5 hours equals or exceeds stop time 5 hours.
┌ Info: NEUTRAL_ABL_RUN_DONE
│   case_id = "neutral_n096_weno9_surface_layer_t300_s1"
└   final_time = 18000.0
/shared/home/greg/review-coordination/run_neutral_science_pair_7366-v1.sh: line 75: rg: command not found
NEUTRAL_RECORDED_CHILD_EXIT job=7367 task=2 case=neutral_n096_weno9_surface_layer_t300_s1 code=3 record=/shared/home/greg/review-coordination/neutral-sld-science-20260922-0718/logs/neutral_7367_2.exit
