GABLS3_SURFACE_Q_GPU_ADMITTED evidence_sha256=6ac9cb780c89a7fe5d2fa22052d9476fe8602242ee37b83c791f01658e4d04e4 job_id=7335 source_manifest_sha256=1cc45c554fe4675a5ffde2dc6bfe70953d9c5294f9df4e6fe76b6f1f033886ac
fatal: not a git repository (or any parent up to mount point /)
Stopping at filesystem boundary (GIT_DISCOVERY_ACROSS_FILESYSTEM not set).
fatal: not a git repository (or any parent up to mount point /)
Stopping at filesystem boundary (GIT_DISCOVERY_ACROSS_FILESYSTEM not set).
fatal: not a git repository (or any parent up to mount point /)
Stopping at filesystem boundary (GIT_DISCOVERY_ACROSS_FILESYSTEM not set).
fatal: not a git repository (or any parent up to mount point /)
Stopping at filesystem boundary (GIT_DISCOVERY_ACROSS_FILESYSTEM not set).
fatal: not a git repository (or any parent up to mount point /)
Stopping at filesystem boundary (GIT_DISCOVERY_ACROSS_FILESYSTEM not set).
fatal: not a git repository (or any parent up to mount point /)
Stopping at filesystem boundary (GIT_DISCOVERY_ACROSS_FILESYSTEM not set).
fatal: not a git repository (or any parent up to mount point /)
Stopping at filesystem boundary (GIT_DISCOVERY_ACROSS_FILESYSTEM not set).
warning: Not a git repository. Use --no-index to compare two paths outside a working tree
usage: git diff --no-index [<options>] <path> <path>

Diff output format options
    -p, --patch           generate patch
    -s, --no-patch        suppress diff output
    -u                    generate patch
    -U, --unified[=<n>]   generate diffs with <n> lines context
    -W, --[no-]function-context
                          generate diffs with <n> lines context
    --raw                 generate the diff in raw format
    --patch-with-raw      synonym for '-p --raw'
    --patch-with-stat     synonym for '-p --stat'
    --numstat             machine friendly --stat
    --shortstat           output only the last line of --stat
    -X, --dirstat[=<param1,param2>...]
                          output the distribution of relative amount of changes for each sub-directory
    --cumulative          synonym for --dirstat=cumulative
    --dirstat-by-file[=<param1,param2>...]
                          synonym for --dirstat=files,param1,param2...
    --check               warn if changes introduce conflict markers or whitespace errors
    --summary             condensed summary such as creations, renames and mode changes
    --name-only           show only names of changed files
    --name-status         show only names and status of changed files
    --stat[=<width>[,<name-width>[,<count>]]]
                          generate diffstat
    --stat-width <width>  generate diffstat with a given width
    --stat-name-width <width>
                          generate diffstat with a given name width
    --stat-graph-width <width>
                          generate diffstat with a given graph width
    --stat-count <count>  generate diffstat with limited lines
    --[no-]compact-summary
                          generate compact summary in diffstat
    --binary              output a binary diff that can be applied
    --[no-]full-index     show full pre- and post-image object names on the "index" lines
    --[no-]color[=<when>] show colored diff
    --ws-error-highlight <kind>
                          highlight whitespace errors in the 'context', 'old' or 'new' lines in the diff
    -z                    do not munge pathnames and use NULs as output field terminators in --raw or --numstat
    --[no-]abbrev[=<n>]   use <n> digits to display object names
    --src-prefix <prefix> show the given source prefix instead of "a/"
    --dst-prefix <prefix> show the given destination prefix instead of "b/"
    --line-prefix <prefix>
                          prepend an additional prefix to every line of output
    --no-prefix           do not show any source or destination prefix
    --default-prefix      use default prefixes a/ and b/
    --inter-hunk-context <n>
                          show context between diff hunks up to the specified number of lines
    --output-indicator-new <char>
                          specify the character to indicate a new line instead of '+'
    --output-indicator-old <char>
                          specify the character to indicate an old line instead of '-'
    --output-indicator-context <char>
                          specify the character to indicate a context instead of ' '

Diff rename options
    -B, --break-rewrites[=<n>[/<m>]]
                          break complete rewrite changes into pairs of delete and create
    -M, --find-renames[=<n>]
                          detect renames
    -D, --irreversible-delete
                          omit the preimage for deletes
    -C, --find-copies[=<n>]
                          detect copies
    --[no-]find-copies-harder
                          use unmodified files as source to find copies
    --no-renames          disable rename detection
    --[no-]rename-empty   use empty blobs as rename source
    --[no-]follow         continue listing the history of a file beyond renames
    -l <n>                prevent rename/copy detection if the number of rename/copy targets exceeds given limit

Diff algorithm options
    --minimal             produce the smallest possible diff
    -w, --ignore-all-space
                          ignore whitespace when comparing lines
    -b, --ignore-space-change
                          ignore changes in amount of whitespace
    --ignore-space-at-eol ignore changes in whitespace at EOL
    --ignore-cr-at-eol    ignore carrier-return at the end of line
    --ignore-blank-lines  ignore changes whose lines are all blank
    -I, --[no-]ignore-matching-lines <regex>
                          ignore changes whose all lines match <regex>
    --[no-]indent-heuristic
                          heuristic to shift diff hunk boundaries for easy reading
    --patience            generate diff using the "patience diff" algorithm
    --histogram           generate diff using the "histogram diff" algorithm
    --diff-algorithm <algorithm>
                          choose a diff algorithm
    --anchored <text>     generate diff using the "anchored diff" algorithm
    --word-diff[=<mode>]  show word diff, using <mode> to delimit changed words
    --word-diff-regex <regex>
                          use <regex> to decide what a word is
    --color-words[=<regex>]
                          equivalent to --word-diff=color --word-diff-regex=<regex>
    --[no-]color-moved[=<mode>]
                          moved lines of code are colored differently
    --[no-]color-moved-ws <mode>
                          how white spaces are ignored in --color-moved

Other diff options
    --[no-]relative[=<prefix>]
                          when run from subdir, exclude changes outside and show relative paths
    -a, --[no-]text       treat all files as text
    -R                    swap two inputs, reverse the diff
    --[no-]exit-code      exit with 1 if there were differences, 0 otherwise
    --[no-]quiet          disable all output of the program
    --[no-]ext-diff       allow an external diff helper to be executed
    --[no-]textconv       run external text conversion filters when comparing binary files
    --ignore-submodules[=<when>]
                          ignore changes to submodules in the diff generation
    --submodule[=<format>]
                          specify how differences in submodules are shown
    --ita-invisible-in-index
                          hide 'git add -N' entries from the index
    --ita-visible-in-index
                          treat 'git add -N' entries as real in the index
    -S <string>           look for differences that change the number of occurrences of the specified string
    -G <regex>            look for differences that change the number of occurrences of the specified regex
    --pickaxe-all         show all changes in the changeset with -S or -G
    --pickaxe-regex       treat <string> in -S as extended POSIX regular expression
    -O <file>             control the order in which files appear in the output
    --rotate-to <path>    show the change in the specified path first
    --skip-to <path>      skip the output to the specified path
    --find-object <object-id>
                          look for differences that change the number of occurrences of the specified object
    --diff-filter [(A|C|D|M|R|T|U|X|B)...[*]]
                          select files by diff type
    --output <file>       output to a specific file

┌ Info: SLD_REGISTERED_CASE_START
│   case_id = "n064_weno9_surface_layer_t100_s1"
└   settings = (nx = 64, spacing = 12.5f0, scheme_name = "weno9", closure_name = "surface_layer", surface_layer_filter_seconds = 100.0, surface_layer_support = 1, stop_time = 32400.0, seed = 20260702, initial_dt = 0.41666666f0, wizard_cfl = 0.7, latitude = 51.9711f0, coriolis_parameter = 0.00011488f0, diagnostics_enabled = true, architecture = "CUDAGPU", initial_state_sha256 = (u_sha256 = "f0b01718f516f6c71870f753f619696528638f7319788c0b51ebd9d1c3ec6fd5", v_sha256 = "a0d7729f3cab5f52b5deae41a2fd7011a7b570392488f664da8ffea2ee86f28e", theta_sha256 = "7fbad0eb9fc24b28c3c621cb4e6b8cc2943c75611e187e5a0f8b30e87d4e872d", q_sha256 = "1318165d6db8db964bfba2cdd9135aaf9c46a32b6744df4e1a9da4b91cbeaeb1", w_sha256 = "1c096f259c652e157a8633719844341da5c0a583d1362afa404cc83762066ac5"), checkpoint_interval = 3600.0)
[ Info: Initializing simulation...
[ Info: [n064_weno9_surface_layer_t100_s1] iter 0 t=0 seconds dt=458.333 ms NaN s/step max|w|=0.72 theta=[291.034,299.059] q=[0.0088,0.00987692] CFL target=.7
[ Info:     ... simulation initialization complete (2.277 minutes)
[ Info: Executing initial time step...
[ Info:     ... initial time step complete (17.787 seconds).
[ Info: [n064_weno9_surface_layer_t100_s1] iter 100 t=51.656 seconds dt=551.810 ms 0.9215 s/step max|w|=0.346 theta=[291.872,299.058] q=[0.00879999,0.00989685] CFL target=.7
[ Info: [n064_weno9_surface_layer_t100_s1] iter 200 t=1.740 minutes dt=549.909 ms 0.0089 s/step max|w|=0.367 theta=[292.085,299.056] q=[0.00879999,0.00987594] CFL target=.7
[ Info: [n064_weno9_surface_layer_t100_s1] iter 300 t=2.619 minutes dt=550.375 ms 0.0090 s/step max|w|=0.499 theta=[292.181,299.055] q=[0.00879998,0.00986739] CFL target=.7
[ Info: [n064_weno9_surface_layer_t100_s1] iter 400 t=3.499 minutes dt=550.984 ms 0.0090 s/step max|w|=0.536 theta=[292.165,299.053] q=[0.00879998,0.00986187] CFL target=.7
[ Info: [n064_weno9_surface_layer_t100_s1] iter 500 t=4.370 minutes dt=550.946 ms 0.0096 s/step max|w|=0.686 theta=[292.154,299.052] q=[0.00879996,0.00985732] CFL target=.7
[ Info: [n064_weno9_surface_layer_t100_s1] iter 600 t=5.249 minutes dt=551.817 ms 0.0097 s/step max|w|=0.612 theta=[292.153,299.050] q=[0.00879994,0.00986129] CFL target=.7
[ Info: [n064_weno9_surface_layer_t100_s1] iter 700 t=6.129 minutes dt=551.667 ms 0.0606 s/step max|w|=0.738 theta=[292.123,299.049] q=[0.00879992,0.00985953] CFL target=.7
[ Info: [n064_weno9_surface_layer_t100_s1] iter 800 t=7 minutes dt=553.372 ms 0.0097 s/step max|w|=0.964 theta=[292.114,299.047] q=[0.0087999,0.00986233] CFL target=.7
[ Info: [n064_weno9_surface_layer_t100_s1] iter 900 t=7.879 minutes dt=552.314 ms 0.0101 s/step max|w|=0.996 theta=[292.076,299.046] q=[0.0087999,0.00986604] CFL target=.7
[ Info: [n064_weno9_surface_layer_t100_s1] iter 1000 t=8.759 minutes dt=553.549 ms 0.0092 s/step max|w|=0.795 theta=[292.107,299.044] q=[0.00879988,0.00985563] CFL target=.7
[ Info: [n064_weno9_surface_layer_t100_s1] iter 1100 t=9.639 minutes dt=554.622 ms 0.0090 s/step max|w|=0.829 theta=[292.081,299.043] q=[0.00879985,0.00986215] CFL target=.7
[ Info: [n064_weno9_surface_layer_t100_s1] iter 1200 t=10.509 minutes dt=554.021 ms 0.0102 s/step max|w|=0.923 theta=[292.050,299.041] q=[0.00879983,0.00985748] CFL target=.7
[ Info: [n064_weno9_surface_layer_t100_s1] iter 1300 t=11.389 minutes dt=553.591 ms 0.0092 s/step max|w|=0.806 theta=[292.065,299.040] q=[0.00879982,0.00986077] CFL target=.7
[ Info: [n064_weno9_surface_layer_t100_s1] iter 1400 t=12.268 minutes dt=552.325 ms 0.0092 s/step max|w|=1.06 theta=[292.045,299.038] q=[0.0087998,0.00986225] CFL target=.7
[ Info: [n064_weno9_surface_layer_t100_s1] iter 1500 t=13.147 minutes dt=553.280 ms 0.0091 s/step max|w|=0.852 theta=[292.017,299.037] q=[0.00879977,0.00986317] CFL target=.7
[ Info: [n064_weno9_surface_layer_t100_s1] iter 1600 t=14.018 minutes dt=552.935 ms 0.0098 s/step max|w|=0.963 theta=[292.008,299.035] q=[0.00879974,0.00986844] CFL target=.7
[ Info: [n064_weno9_surface_layer_t100_s1] iter 1700 t=14.897 minutes dt=548.788 ms 0.0093 s/step max|w|=1.03 theta=[291.980,299.034] q=[0.00879972,0.00986567] CFL target=.7
[ Info: [n064_weno9_surface_layer_t100_s1] iter 1800 t=15.775 minutes dt=541.323 ms 0.0097 s/step max|w|=1.14 theta=[291.975,299.033] q=[0.00879972,0.00986553] CFL target=.7
[ Info: [n064_weno9_surface_layer_t100_s1] iter 1900 t=16.654 minutes dt=545.561 ms 0.0094 s/step max|w|=1.03 theta=[291.948,299.031] q=[0.00879972,0.00986893] CFL target=.7
[ Info: [n064_weno9_surface_layer_t100_s1] iter 2000 t=17.527 minutes dt=538.322 ms 0.0102 s/step max|w|=1.12 theta=[291.942,299.030] q=[0.00879971,0.00986386] CFL target=.7
[ Info: [n064_weno9_surface_layer_t100_s1] iter 2100 t=18.405 minutes dt=539.177 ms 0.0093 s/step max|w|=1.19 theta=[291.915,299.028] q=[0.00879967,0.00986495] CFL target=.7
[ Info: [n064_weno9_surface_layer_t100_s1] iter 2200 t=19.285 minutes dt=545.218 ms 0.0093 s/step max|w|=1.03 theta=[291.919,299.027] q=[0.00879962,0.00986845] CFL target=.7
[ Info: [n064_weno9_surface_layer_t100_s1] iter 2300 t=20.164 minutes dt=545.848 ms 0.0096 s/step max|w|=1.03 theta=[291.893,299.025] q=[0.00879958,0.0098666] CFL target=.7
[ Info: [n064_weno9_surface_layer_t100_s1] iter 2400 t=21.036 minutes dt=541.781 ms 0.0100 s/step max|w|=1.1 theta=[291.895,299.024] q=[0.00879955,0.00986797] CFL target=.7
[ Info: [n064_weno9_surface_layer_t100_s1] iter 2500 t=21.914 minutes dt=539.051 ms 0.0093 s/step max|w|=1.09 theta=[291.868,299.023] q=[0.00879952,0.00986901] CFL target=.7
[ Info: [n064_weno9_surface_layer_t100_s1] iter 2600 t=22.794 minutes dt=544.766 ms 0.0093 s/step max|w|=0.95 theta=[291.887,299.021] q=[0.0087995,0.00986631] CFL target=.7
[ Info: [n064_weno9_surface_layer_t100_s1] iter 2700 t=23.667 minutes dt=541.029 ms 0.0176 s/step max|w|=1.2 theta=[291.873,299.020] q=[0.00879949,0.0098706] CFL target=.7
[ Info: [n064_weno9_surface_layer_t100_s1] iter 2800 t=24.545 minutes dt=542.248 ms 0.0109 s/step max|w|=1.09 theta=[291.834,299.018] q=[0.0087995,0.00987049] CFL target=.7
[ Info: [n064_weno9_surface_layer_t100_s1] iter 2900 t=25.423 minutes dt=540.753 ms 0.0097 s/step max|w|=1.12 theta=[291.825,299.017] q=[0.00879949,0.0098732] CFL target=.7
[ Info: [n064_weno9_surface_layer_t100_s1] iter 3000 t=26.300 minutes dt=534.849 ms 0.0093 s/step max|w|=0.95 theta=[291.821,299.016] q=[0.00879948,0.00986744] CFL target=.7
[ Info: [n064_weno9_surface_layer_t100_s1] iter 3100 t=27.176 minutes dt=539.903 ms 0.0102 s/step max|w|=0.887 theta=[291.776,299.014] q=[0.00879938,0.00987078] CFL target=.7
[ Info: [n064_weno9_surface_layer_t100_s1] iter 3200 t=28.054 minutes dt=539.145 ms 0.0095 s/step max|w|=0.902 theta=[291.777,299.013] q=[0.00879929,0.00987143] CFL target=.7
[ Info: [n064_weno9_surface_layer_t100_s1] iter 3300 t=28.933 minutes dt=541.799 ms 0.0094 s/step max|w|=0.858 theta=[291.749,299.011] q=[0.00879927,0.0098748] CFL target=.7
[ Info: [n064_weno9_surface_layer_t100_s1] iter 3400 t=29.811 minutes dt=542.078 ms 0.0095 s/step max|w|=0.828 theta=[291.728,299.010] q=[0.00879928,0.0098773] CFL target=.7
[ Info: [n064_weno9_surface_layer_t100_s1] iter 3500 t=30.685 minutes dt=537.638 ms 0.0104 s/step max|w|=0.94 theta=[291.729,299.008] q=[0.00879928,0.00987677] CFL target=.7
[ Info: [n064_weno9_surface_layer_t100_s1] iter 3600 t=31.563 minutes dt=541.476 ms 0.0095 s/step max|w|=0.806 theta=[291.701,299.007] q=[0.00879927,0.0098734] CFL target=.7
[ Info: [n064_weno9_surface_layer_t100_s1] iter 3700 t=32.442 minutes dt=545.817 ms 0.0095 s/step max|w|=0.845 theta=[291.718,299.006] q=[0.00879926,0.00986906] CFL target=.7
[ Info: [n064_weno9_surface_layer_t100_s1] iter 3800 t=33.321 minutes dt=544.053 ms 0.0178 s/step max|w|=0.962 theta=[291.698,299.004] q=[0.00879926,0.00987041] CFL target=.7
[ Info: [n064_weno9_surface_layer_t100_s1] iter 3900 t=34.194 minutes dt=545.501 ms 0.0109 s/step max|w|=0.755 theta=[291.701,299.003] q=[0.00879926,0.00986878] CFL target=.7
[ Info: [n064_weno9_surface_layer_t100_s1] iter 4000 t=35.072 minutes dt=541.247 ms 0.0101 s/step max|w|=0.785 theta=[291.709,299.001] q=[0.00879926,0.00986593] CFL target=.7
[ Info: [n064_weno9_surface_layer_t100_s1] iter 4100 t=35.951 minutes dt=545.375 ms 0.0095 s/step max|w|=0.769 theta=[291.703,299.000] q=[0.00879926,0.00986752] CFL target=.7
[ Info: [n064_weno9_surface_layer_t100_s1] iter 4200 t=36.830 minutes dt=545.806 ms 0.0097 s/step max|w|=0.963 theta=[291.675,298.999] q=[0.00879926,0.00986524] CFL target=.7
[ Info: [n064_weno9_surface_layer_t100_s1] iter 4300 t=37.703 minutes dt=544.704 ms 0.0104 s/step max|w|=0.812 theta=[291.662,298.997] q=[0.00879926,0.00986439] CFL target=.7
[ Info: [n064_weno9_surface_layer_t100_s1] iter 4400 t=38.582 minutes dt=549.263 ms 0.0097 s/step max|w|=0.883 theta=[291.671,298.996] q=[0.00879923,0.00986507] CFL target=.7
[ Info: [n064_weno9_surface_layer_t100_s1] iter 4500 t=39.462 minutes dt=551.209 ms 0.0098 s/step max|w|=0.788 theta=[291.644,298.994] q=[0.00879922,0.00986293] CFL target=.7
[ Info: [n064_weno9_surface_layer_t100_s1] iter 4600 t=40.333 minutes dt=550.543 ms 0.0101 s/step max|w|=0.825 theta=[291.614,298.993] q=[0.00879921,0.00986573] CFL target=.7
[ Info: [n064_weno9_surface_layer_t100_s1] iter 4700 t=41.212 minutes dt=548.225 ms 0.0106 s/step max|w|=0.771 theta=[291.625,298.991] q=[0.00879918,0.00986366] CFL target=.7
[ Info: [n064_weno9_surface_layer_t100_s1] iter 4800 t=42.091 minutes dt=545.995 ms 0.0181 s/step max|w|=0.794 theta=[291.614,298.990] q=[0.00879913,0.00985986] CFL target=.7
[ Info: [n064_weno9_surface_layer_t100_s1] iter 4900 t=42.970 minutes dt=547.690 ms 0.0103 s/step max|w|=0.764 theta=[291.583,298.988] q=[0.00879908,0.00986796] CFL target=.7
[ Info: [n064_weno9_surface_layer_t100_s1] iter 5000 t=43.843 minutes dt=551.396 ms 0.0108 s/step max|w|=0.893 theta=[291.591,298.987] q=[0.00879905,0.00986286] CFL target=.7
[ Info: [n064_weno9_surface_layer_t100_s1] iter 5100 t=44.722 minutes dt=553.098 ms 0.0096 s/step max|w|=1 theta=[291.571,298.986] q=[0.00879904,0.00986106] CFL target=.7
[ Info: [n064_weno9_surface_layer_t100_s1] iter 5200 t=45.601 minutes dt=552.930 ms 0.0101 s/step max|w|=0.773 theta=[291.566,298.984] q=[0.00879904,0.00986515] CFL target=.7
[ Info: [n064_weno9_surface_layer_t100_s1] iter 5300 t=46.480 minutes dt=548.097 ms 0.0097 s/step max|w|=0.954 theta=[291.548,298.983] q=[0.00879904,0.00986175] CFL target=.7
[ Info: [n064_weno9_surface_layer_t100_s1] iter 5400 t=47.352 minutes dt=548.760 ms 0.0106 s/step max|w|=1.14 theta=[291.542,298.981] q=[0.00879902,0.00986276] CFL target=.7
[ Info: [n064_weno9_surface_layer_t100_s1] iter 5500 t=48.231 minutes dt=553.819 ms 0.0098 s/step max|w|=0.759 theta=[291.506,298.980] q=[0.008799,0.0098592] CFL target=.7
[ Info: [n064_weno9_surface_layer_t100_s1] iter 5600 t=49.130 minutes dt=555.695 ms 0.0100 s/step max|w|=0.891 theta=[291.506,298.978] q=[0.00879899,0.00986414] CFL target=.7
[ Info: [n064_weno9_surface_layer_t100_s1] iter 5700 t=50.046 minutes dt=551.685 ms 0.0195 s/step max|w|=0.784 theta=[291.489,298.977] q=[0.00879898,0.00985947] CFL target=.7
[ Info: [n064_weno9_surface_layer_t100_s1] iter 5800 t=50.925 minutes dt=549.104 ms 0.0105 s/step max|w|=0.884 theta=[291.502,298.975] q=[0.00879898,0.00986018] CFL target=.7
[ Info: [n064_weno9_surface_layer_t100_s1] iter 5900 t=51.804 minutes dt=550.130 ms 0.0099 s/step max|w|=0.647 theta=[291.460,298.974] q=[0.00879896,0.00985643] CFL target=.7
[ Info: [n064_weno9_surface_layer_t100_s1] iter 6000 t=52.676 minutes dt=555.580 ms 0.0106 s/step max|w|=0.726 theta=[291.415,298.972] q=[0.00879894,0.00985864] CFL target=.7
[ Info: [n064_weno9_surface_layer_t100_s1] iter 6100 t=53.573 minutes dt=549.277 ms 0.0099 s/step max|w|=0.76 theta=[291.452,298.971] q=[0.00879892,0.00985729] CFL target=.7
[ Info: [n064_weno9_surface_layer_t100_s1] iter 6200 t=54.463 minutes dt=557.699 ms 0.0100 s/step max|w|=0.805 theta=[291.434,298.969] q=[0.00879891,0.00985643] CFL target=.7
[ Info: [n064_weno9_surface_layer_t100_s1] iter 6300 t=55.361 minutes dt=555.463 ms 0.0111 s/step max|w|=0.681 theta=[291.391,298.968] q=[0.00879891,0.00985651] CFL target=.7
[ Info: [n064_weno9_surface_layer_t100_s1] iter 6400 t=56.288 minutes dt=558.912 ms 0.0098 s/step max|w|=0.678 theta=[291.390,298.966] q=[0.00879891,0.00985443] CFL target=.7
[ Info: [n064_weno9_surface_layer_t100_s1] iter 6500 t=57.213 minutes dt=560.384 ms 0.0109 s/step max|w|=0.649 theta=[291.367,298.965] q=[0.00879889,0.00985528] CFL target=.7
[ Info: [n064_weno9_surface_layer_t100_s1] iter 6600 t=58.140 minutes dt=557.958 ms 0.0271 s/step max|w|=0.72 theta=[291.351,298.963] q=[0.00879886,0.00985551] CFL target=.7
[ Info: [n064_weno9_surface_layer_t100_s1] iter 6700 t=59.065 minutes dt=559.742 ms 0.0115 s/step max|w|=0.644 theta=[291.342,298.962] q=[0.00879886,0.00985421] CFL target=.7
[ Info: [n064_weno9_surface_layer_t100_s1] iter 6800 t=59.992 minutes dt=558.142 ms 0.0100 s/step max|w|=0.727 theta=[291.316,298.960] q=[0.00879886,0.00985547] CFL target=.7
[ Info: [n064_weno9_surface_layer_t100_s1] iter 6900 t=1.015 hours dt=558.634 ms 0.0126 s/step max|w|=0.819 theta=[291.283,298.964] q=[0.00879887,0.00985669] CFL target=.7
[ Info: [n064_weno9_surface_layer_t100_s1] iter 7000 t=1.031 hours dt=563.492 ms 0.0109 s/step max|w|=0.767 theta=[291.320,298.968] q=[0.00879884,0.00984862] CFL target=.7
[ Info: [n064_weno9_surface_layer_t100_s1] iter 7100 t=1.046 hours dt=563.135 ms 0.0101 s/step max|w|=0.679 theta=[291.308,298.972] q=[0.00879882,0.00984976] CFL target=.7
[ Info: [n064_weno9_surface_layer_t100_s1] iter 7200 t=1.062 hours dt=563.425 ms 0.0110 s/step max|w|=0.672 theta=[291.305,298.977] q=[0.00879883,0.00984797] CFL target=.7
[ Info: [n064_weno9_surface_layer_t100_s1] iter 7300 t=1.077 hours dt=562.723 ms 0.0102 s/step max|w|=0.663 theta=[291.277,298.981] q=[0.00879883,0.00985054] CFL target=.7
[ Info: [n064_weno9_surface_layer_t100_s1] iter 7400 t=1.092 hours dt=565.629 ms 0.0200 s/step max|w|=0.634 theta=[291.256,298.985] q=[0.0087988,0.0098602] CFL target=.7
[ Info: [n064_weno9_surface_layer_t100_s1] iter 7500 t=1.108 hours dt=566.437 ms 0.0103 s/step max|w|=0.631 theta=[291.243,298.989] q=[0.00879877,0.00985254] CFL target=.7
[ Info: [n064_weno9_surface_layer_t100_s1] iter 7600 t=1.123 hours dt=566.063 ms 0.0110 s/step max|w|=0.642 theta=[291.220,298.993] q=[0.00879876,0.0098546] CFL target=.7
[ Info: [n064_weno9_surface_layer_t100_s1] iter 7700 t=1.139 hours dt=567.283 ms 0.0102 s/step max|w|=0.592 theta=[291.224,298.997] q=[0.00879866,0.00985087] CFL target=.7
[ Info: [n064_weno9_surface_layer_t100_s1] iter 7800 t=1.154 hours dt=570.699 ms 0.0112 s/step max|w|=0.648 theta=[291.205,299.002] q=[0.00879859,0.00985119] CFL target=.7
[ Info: [n064_weno9_surface_layer_t100_s1] iter 7900 t=1.170 hours dt=568.405 ms 0.0115 s/step max|w|=0.649 theta=[291.181,299.006] q=[0.00879858,0.00985243] CFL target=.7
[ Info: [n064_weno9_surface_layer_t100_s1] iter 8000 t=1.185 hours dt=568.971 ms 0.0187 s/step max|w|=0.683 theta=[291.160,299.010] q=[0.00879858,0.00985936] CFL target=.7
[ Info: [n064_weno9_surface_layer_t100_s1] iter 8100 t=1.200 hours dt=568.701 ms 0.0114 s/step max|w|=0.653 theta=[291.150,299.015] q=[0.0087986,0.00985353] CFL target=.7
[ Info: [n064_weno9_surface_layer_t100_s1] iter 8200 t=1.216 hours dt=571.739 ms 0.0105 s/step max|w|=0.57 theta=[291.124,299.019] q=[0.00879859,0.009856] CFL target=.7
[ Info: [n064_weno9_surface_layer_t100_s1] iter 8300 t=1.231 hours dt=570.537 ms 0.0112 s/step max|w|=0.718 theta=[291.148,299.023] q=[0.00879855,0.00985444] CFL target=.7
[ Info: [n064_weno9_surface_layer_t100_s1] iter 8400 t=1.247 hours dt=571.147 ms 0.0103 s/step max|w|=0.626 theta=[291.114,299.027] q=[0.00879852,0.00985598] CFL target=.7
[ Info: [n064_weno9_surface_layer_t100_s1] iter 8500 t=1.262 hours dt=573.913 ms 0.0115 s/step max|w|=0.595 theta=[291.103,299.032] q=[0.00879846,0.00985819] CFL target=.7
[ Info: [n064_weno9_surface_layer_t100_s1] iter 8600 t=1.278 hours dt=575.632 ms 0.0104 s/step max|w|=0.689 theta=[291.089,299.036] q=[0.00879846,0.00985934] CFL target=.7
[ Info: [n064_weno9_surface_layer_t100_s1] iter 8700 t=1.293 hours dt=577.420 ms 0.0197 s/step max|w|=0.735 theta=[291.069,299.040] q=[0.00879847,0.00986] CFL target=.7
[ Info: [n064_weno9_surface_layer_t100_s1] iter 8800 t=1.308 hours dt=575.916 ms 0.0114 s/step max|w|=0.722 theta=[291.051,299.045] q=[0.00879845,0.00986182] CFL target=.7
[ Info: [n064_weno9_surface_layer_t100_s1] iter 8900 t=1.324 hours dt=576.085 ms 0.0107 s/step max|w|=0.593 theta=[291.028,299.049] q=[0.00879843,0.00986282] CFL target=.7
[ Info: [n064_weno9_surface_layer_t100_s1] iter 9000 t=1.339 hours dt=578.816 ms 0.0114 s/step max|w|=0.656 theta=[291.025,299.053] q=[0.00879842,0.00986347] CFL target=.7
[ Info: [n064_weno9_surface_layer_t100_s1] iter 9100 t=1.355 hours dt=577.949 ms 0.0106 s/step max|w|=0.618 theta=[291.019,299.057] q=[0.00879843,0.00986467] CFL target=.7
[ Info: [n064_weno9_surface_layer_t100_s1] iter 9200 t=1.370 hours dt=578.059 ms 0.0113 s/step max|w|=0.573 theta=[291.001,299.061] q=[0.00879843,0.00986373] CFL target=.7
[ Info: [n064_weno9_surface_layer_t100_s1] iter 9300 t=1.386 hours dt=575.243 ms 0.0105 s/step max|w|=0.577 theta=[290.973,299.065] q=[0.00879842,0.00986832] CFL target=.7
[ Info: [n064_weno9_surface_layer_t100_s1] iter 9400 t=1.401 hours dt=579.759 ms 0.0196 s/step max|w|=0.667 theta=[290.966,299.069] q=[0.00879839,0.00986736] CFL target=.7
[ Info: [n064_weno9_surface_layer_t100_s1] iter 9500 t=1.417 hours dt=583.592 ms 0.0111 s/step max|w|=0.584 theta=[290.940,299.072] q=[0.0087984,0.00987094] CFL target=.7
[ Info: [n064_weno9_surface_layer_t100_s1] iter 9600 t=1.432 hours dt=582.682 ms 0.0116 s/step max|w|=0.711 theta=[290.975,299.076] q=[0.00879835,0.00986591] CFL target=.7
[ Info: [n064_weno9_surface_layer_t100_s1] iter 9700 t=1.447 hours dt=582.649 ms 0.0115 s/step max|w|=0.614 theta=[290.960,299.079] q=[0.00879834,0.00986621] CFL target=.7
[ Info: [n064_weno9_surface_layer_t100_s1] iter 9800 t=1.463 hours dt=586.456 ms 0.0106 s/step max|w|=0.55 theta=[290.926,299.083] q=[0.00879834,0.00986991] CFL target=.7
[ Info: [n064_weno9_surface_layer_t100_s1] iter 9900 t=1.478 hours dt=588.681 ms 0.0115 s/step max|w|=0.593 theta=[290.929,299.087] q=[0.00879833,0.00987002] CFL target=.7
[ Info: [n064_weno9_surface_layer_t100_s1] iter 10000 t=1.494 hours dt=587.236 ms 0.0106 s/step max|w|=0.825 theta=[290.924,299.090] q=[0.00879832,0.00987274] CFL target=.7
[ Info: [n064_weno9_surface_layer_t100_s1] iter 10100 t=1.511 hours dt=589.452 ms 0.0205 s/step max|w|=0.638 theta=[290.902,299.094] q=[0.00879829,0.00987164] CFL target=.7
[ Info: [n064_weno9_surface_layer_t100_s1] iter 10200 t=1.527 hours dt=590.816 ms 0.0116 s/step max|w|=0.685 theta=[290.876,299.098] q=[0.00879828,0.00987293] CFL target=.7
[ Info: [n064_weno9_surface_layer_t100_s1] iter 10300 t=1.543 hours dt=590.611 ms 0.0118 s/step max|w|=0.648 theta=[290.878,299.102] q=[0.00879824,0.00987595] CFL target=.7
[ Info: [n064_weno9_surface_layer_t100_s1] iter 10400 t=1.560 hours dt=590.085 ms 0.0117 s/step max|w|=0.626 theta=[290.863,299.106] q=[0.00879822,0.00987826] CFL target=.7
[ Info: [n064_weno9_surface_layer_t100_s1] iter 10500 t=1.576 hours dt=588.313 ms 0.0197 s/step max|w|=0.517 theta=[290.863,299.110] q=[0.00879821,0.00987604] CFL target=.7
[ Info: [n064_weno9_surface_layer_t100_s1] iter 10600 t=1.592 hours dt=592.654 ms 0.0126 s/step max|w|=0.585 theta=[290.853,299.114] q=[0.00879821,0.00987734] CFL target=.7
[ Info: [n064_weno9_surface_layer_t100_s1] iter 10700 t=1.608 hours dt=594.114 ms 0.0110 s/step max|w|=0.586 theta=[290.826,299.118] q=[0.00879821,0.00987908] CFL target=.7
[ Info: [n064_weno9_surface_layer_t100_s1] iter 10800 t=1.625 hours dt=594.752 ms 0.0117 s/step max|w|=0.516 theta=[290.826,299.122] q=[0.00879816,0.00988044] CFL target=.7
[ Info: [n064_weno9_surface_layer_t100_s1] iter 10900 t=1.641 hours dt=598.637 ms 0.0202 s/step max|w|=0.566 theta=[290.816,299.126] q=[0.00879814,0.00988229] CFL target=.7
[ Info: [n064_weno9_surface_layer_t100_s1] iter 11000 t=1.657 hours dt=595.912 ms 0.0120 s/step max|w|=0.594 theta=[290.773,299.129] q=[0.00879808,0.00988255] CFL target=.7
[ Info: [n064_weno9_surface_layer_t100_s1] iter 11100 t=1.674 hours dt=597.208 ms 0.0123 s/step max|w|=0.541 theta=[290.763,299.133] q=[0.00879805,0.00988807] CFL target=.7
[ Info: [n064_weno9_surface_layer_t100_s1] iter 11200 t=1.690 hours dt=600.865 ms 0.0119 s/step max|w|=0.516 theta=[290.754,299.137] q=[0.00879801,0.0098865] CFL target=.7
[ Info: [n064_weno9_surface_layer_t100_s1] iter 11300 t=1.706 hours dt=597.238 ms 0.0127 s/step max|w|=0.513 theta=[290.738,299.141] q=[0.00879792,0.00988945] CFL target=.7
[ Info: [n064_weno9_surface_layer_t100_s1] iter 11400 t=1.723 hours dt=603.050 ms 0.0195 s/step max|w|=0.54 theta=[290.716,299.145] q=[0.0087979,0.00989138] CFL target=.7
[ Info: [n064_weno9_surface_layer_t100_s1] iter 11500 t=1.739 hours dt=599.445 ms 0.0122 s/step max|w|=0.509 theta=[290.708,299.149] q=[0.00879791,0.00989049] CFL target=.7
[ Info: [n064_weno9_surface_layer_t100_s1] iter 11600 t=1.755 hours dt=605.904 ms 0.0113 s/step max|w|=0.58 theta=[290.686,299.153] q=[0.00879791,0.00989318] CFL target=.7
[ Info: [n064_weno9_surface_layer_t100_s1] iter 11700 t=1.772 hours dt=605.680 ms 0.0205 s/step max|w|=0.558 theta=[290.698,299.156] q=[0.0087979,0.00989197] CFL target=.7
[ Info: [n064_weno9_surface_layer_t100_s1] iter 11800 t=1.788 hours dt=606.916 ms 0.0123 s/step max|w|=0.621 theta=[290.704,299.160] q=[0.0087979,0.00989214] CFL target=.7
[ Info: [n064_weno9_surface_layer_t100_s1] iter 11900 t=1.804 hours dt=608.131 ms 0.0123 s/step max|w|=0.619 theta=[290.671,299.164] q=[0.0087979,0.00989675] CFL target=.7
[ Info: [n064_weno9_surface_layer_t100_s1] iter 12000 t=1.821 hours dt=609.113 ms 0.0123 s/step max|w|=0.597 theta=[290.671,299.168] q=[0.00879792,0.00989298] CFL target=.7
[ Info: [n064_weno9_surface_layer_t100_s1] iter 12100 t=1.837 hours dt=606.774 ms 0.0206 s/step max|w|=0.542 theta=[290.664,299.172] q=[0.00879794,0.00989547] CFL target=.7
[ Info: [n064_weno9_surface_layer_t100_s1] iter 12200 t=1.853 hours dt=610.348 ms 0.0129 s/step max|w|=0.692 theta=[290.612,299.176] q=[0.00879794,0.00989879] CFL target=.7
[ Info: [n064_weno9_surface_layer_t100_s1] iter 12300 t=1.870 hours dt=612.728 ms 0.0123 s/step max|w|=0.631 theta=[290.620,299.181] q=[0.00879794,0.00990011] CFL target=.7
[ Info: [n064_weno9_surface_layer_t100_s1] iter 12400 t=1.886 hours dt=611.117 ms 0.0122 s/step max|w|=0.6 theta=[290.619,299.185] q=[0.00879786,0.00990154] CFL target=.7
[ Info: [n064_weno9_surface_layer_t100_s1] iter 12500 t=1.903 hours dt=614.668 ms 0.0199 s/step max|w|=0.625 theta=[290.619,299.189] q=[0.00879776,0.00990278] CFL target=.7
[ Info: [n064_weno9_surface_layer_t100_s1] iter 12600 t=1.919 hours dt=613.776 ms 0.0128 s/step max|w|=0.68 theta=[290.600,299.193] q=[0.00879772,0.00990251] CFL target=.7
[ Info: [n064_weno9_surface_layer_t100_s1] iter 12700 t=1.935 hours dt=619.250 ms 0.0124 s/step max|w|=0.549 theta=[290.578,299.197] q=[0.00879774,0.00990428] CFL target=.7
[ Info: [n064_weno9_surface_layer_t100_s1] iter 12800 t=1.952 hours dt=617.280 ms 0.0205 s/step max|w|=0.563 theta=[290.573,299.201] q=[0.0087977,0.00990583] CFL target=.7
[ Info: [n064_weno9_surface_layer_t100_s1] iter 12900 t=1.968 hours dt=620.320 ms 0.0129 s/step max|w|=0.518 theta=[290.550,299.205] q=[0.00879772,0.00990868] CFL target=.7
[ Info: [n064_weno9_surface_layer_t100_s1] iter 13000 t=1.984 hours dt=622.287 ms 0.0126 s/step max|w|=0.596 theta=[290.534,299.209] q=[0.00879772,0.00990885] CFL target=.7
[ Info: [n064_weno9_surface_layer_t100_s1] iter 13100 t=2.001 hours dt=623.769 ms 0.0227 s/step max|w|=0.533 theta=[290.514,299.213] q=[0.00879758,0.00991113] CFL target=.7
[ Info: [n064_weno9_surface_layer_t100_s1] iter 13200 t=2.017 hours dt=623.264 ms 0.0124 s/step max|w|=0.519 theta=[290.505,299.217] q=[0.00879283,0.00991168] CFL target=.7
[ Info: [n064_weno9_surface_layer_t100_s1] iter 13300 t=2.034 hours dt=626.986 ms 0.0126 s/step max|w|=0.534 theta=[290.490,299.222] q=[0.0087879,0.00991166] CFL target=.7
[ Info: [n064_weno9_surface_layer_t100_s1] iter 13400 t=2.052 hours dt=621.640 ms 0.0126 s/step max|w|=0.459 theta=[290.472,299.226] q=[0.00878277,0.00991339] CFL target=.7
[ Info: [n064_weno9_surface_layer_t100_s1] iter 13500 t=2.068 hours dt=624.372 ms 0.0204 s/step max|w|=0.525 theta=[290.448,299.230] q=[0.00877796,0.00991298] CFL target=.7
[ Info: [n064_weno9_surface_layer_t100_s1] iter 13600 t=2.085 hours dt=627.934 ms 0.0136 s/step max|w|=0.511 theta=[290.424,299.235] q=[0.00877288,0.00991626] CFL target=.7
[ Info: [n064_weno9_surface_layer_t100_s1] iter 13700 t=2.103 hours dt=632.657 ms 0.0125 s/step max|w|=0.451 theta=[290.411,299.239] q=[0.00876787,0.00991426] CFL target=.7
[ Info: [n064_weno9_surface_layer_t100_s1] iter 13800 t=2.120 hours dt=633.435 ms 0.0217 s/step max|w|=0.49 theta=[290.386,299.244] q=[0.0087629,0.00991538] CFL target=.7
[ Info: [n064_weno9_surface_layer_t100_s1] iter 13900 t=2.137 hours dt=631.983 ms 0.0133 s/step max|w|=0.601 theta=[290.371,299.249] q=[0.0087579,0.009916] CFL target=.7
[ Info: [n064_weno9_surface_layer_t100_s1] iter 14000 t=2.155 hours dt=633.165 ms 0.0125 s/step max|w|=0.612 theta=[290.364,299.253] q=[0.00875286,0.00991886] CFL target=.7
[ Info: [n064_weno9_surface_layer_t100_s1] iter 14100 t=2.172 hours dt=634.050 ms 0.0209 s/step max|w|=0.521 theta=[290.374,299.257] q=[0.00874774,0.0099128] CFL target=.7
[ Info: [n064_weno9_surface_layer_t100_s1] iter 14200 t=2.189 hours dt=639.467 ms 0.0142 s/step max|w|=0.52 theta=[290.345,299.261] q=[0.00874274,0.00991325] CFL target=.7
[ Info: [n064_weno9_surface_layer_t100_s1] iter 14300 t=2.207 hours dt=640.922 ms 0.0128 s/step max|w|=0.542 theta=[290.334,299.266] q=[0.00873778,0.00991423] CFL target=.7
[ Info: [n064_weno9_surface_layer_t100_s1] iter 14400 t=2.224 hours dt=642.402 ms 0.0210 s/step max|w|=0.646 theta=[290.319,299.270] q=[0.00873282,0.00991469] CFL target=.7
[ Info: [n064_weno9_surface_layer_t100_s1] iter 14500 t=2.242 hours dt=642.071 ms 0.0128 s/step max|w|=0.627 theta=[290.290,299.275] q=[0.0087278,0.00991839] CFL target=.7
[ Info: [n064_weno9_surface_layer_t100_s1] iter 14600 t=2.259 hours dt=641.625 ms 0.0145 s/step max|w|=0.678 theta=[290.296,299.279] q=[0.0087228,0.00991396] CFL target=.7
[ Info: [n064_weno9_surface_layer_t100_s1] iter 14700 t=2.276 hours dt=646.505 ms 0.0208 s/step max|w|=0.541 theta=[290.277,299.284] q=[0.00871779,0.00991202] CFL target=.7
[ Info: [n064_weno9_surface_layer_t100_s1] iter 14800 t=2.294 hours dt=643.807 ms 0.0129 s/step max|w|=0.568 theta=[290.280,299.289] q=[0.00871275,0.00990984] CFL target=.7
[ Info: [n064_weno9_surface_layer_t100_s1] iter 14900 t=2.311 hours dt=648.536 ms 0.0131 s/step max|w|=0.551 theta=[290.251,299.294] q=[0.00870772,0.00991074] CFL target=.7
[ Info: [n064_weno9_surface_layer_t100_s1] iter 15000 t=2.328 hours dt=652.362 ms 0.0222 s/step max|w|=0.479 theta=[290.230,299.298] q=[0.00870276,0.00990947] CFL target=.7
[ Info: [n064_weno9_surface_layer_t100_s1] iter 15100 t=2.346 hours dt=650.954 ms 0.0132 s/step max|w|=0.527 theta=[290.227,299.303] q=[0.00869774,0.00990909] CFL target=.7
[ Info: [n064_weno9_surface_layer_t100_s1] iter 15200 t=2.363 hours dt=651.954 ms 0.0131 s/step max|w|=0.529 theta=[290.205,299.308] q=[0.00869266,0.00991784] CFL target=.7
[ Info: [n064_weno9_surface_layer_t100_s1] iter 15300 t=2.380 hours dt=651.277 ms 0.0138 s/step max|w|=0.552 theta=[290.194,299.313] q=[0.0086876,0.00990907] CFL target=.7
[ Info: [n064_weno9_surface_layer_t100_s1] iter 15400 t=2.398 hours dt=657.023 ms 0.0215 s/step max|w|=0.495 theta=[290.187,299.318] q=[0.00868249,0.00991011] CFL target=.7
[ Info: [n064_weno9_surface_layer_t100_s1] iter 15500 t=2.415 hours dt=652.932 ms 0.0130 s/step max|w|=0.576 theta=[290.172,299.323] q=[0.00867744,0.00990949] CFL target=.7
[ Info: [n064_weno9_surface_layer_t100_s1] iter 15600 t=2.433 hours dt=652.138 ms 0.0131 s/step max|w|=0.536 theta=[290.153,299.328] q=[0.00867242,0.00990738] CFL target=.7
[ Info: [n064_weno9_surface_layer_t100_s1] iter 15700 t=2.450 hours dt=659.987 ms 0.0217 s/step max|w|=0.708 theta=[290.157,299.333] q=[0.00866733,0.00990678] CFL target=.7
[ Info: [n064_weno9_surface_layer_t100_s1] iter 15800 t=2.467 hours dt=658.322 ms 0.0142 s/step max|w|=0.608 theta=[290.131,299.338] q=[0.00866223,0.0099065] CFL target=.7
[ Info: [n064_weno9_surface_layer_t100_s1] iter 15900 t=2.485 hours dt=664.478 ms 0.0129 s/step max|w|=0.476 theta=[290.117,299.343] q=[0.00865698,0.00990904] CFL target=.7
[ Info: [n064_weno9_surface_layer_t100_s1] iter 16000 t=2.502 hours dt=666.368 ms 0.0213 s/step max|w|=0.595 theta=[290.107,299.348] q=[0.00865183,0.00990415] CFL target=.7
[ Info: [n064_weno9_surface_layer_t100_s1] iter 16100 t=2.520 hours dt=669.438 ms 0.0147 s/step max|w|=0.541 theta=[290.081,299.353] q=[0.00864661,0.00990474] CFL target=.7
[ Info: [n064_weno9_surface_layer_t100_s1] iter 16200 t=2.538 hours dt=669.347 ms 0.0133 s/step max|w|=0.525 theta=[290.054,299.358] q=[0.0086414,0.0099048] CFL target=.7
[ Info: [n064_weno9_surface_layer_t100_s1] iter 16300 t=2.556 hours dt=670.092 ms 0.0230 s/step max|w|=0.582 theta=[290.069,299.364] q=[0.00863615,0.00990712] CFL target=.7
[ Info: [n064_weno9_surface_layer_t100_s1] iter 16400 t=2.575 hours dt=670.715 ms 0.0129 s/step max|w|=0.546 theta=[290.055,299.369] q=[0.00863079,0.0099045] CFL target=.7
[ Info: [n064_weno9_surface_layer_t100_s1] iter 16500 t=2.593 hours dt=669.757 ms 0.0148 s/step max|w|=0.447 theta=[290.037,299.375] q=[0.0086255,0.00989886] CFL target=.7
[ Info: [n064_weno9_surface_layer_t100_s1] iter 16600 t=2.612 hours dt=675.479 ms 0.0231 s/step max|w|=0.619 theta=[289.989,299.380] q=[0.0086202,0.00989991] CFL target=.7
[ Info: [n064_weno9_surface_layer_t100_s1] iter 16700 t=2.630 hours dt=672.262 ms 0.0131 s/step max|w|=0.563 theta=[289.973,299.385] q=[0.00861529,0.00990235] CFL target=.7
[ Info: [n064_weno9_surface_layer_t100_s1] iter 16800 t=2.648 hours dt=676.090 ms 0.0154 s/step max|w|=0.471 theta=[289.963,299.390] q=[0.00861001,0.00989964] CFL target=.7
[ Info: [n064_weno9_surface_layer_t100_s1] iter 16900 t=2.667 hours dt=671.249 ms 0.0224 s/step max|w|=0.48 theta=[289.979,299.395] q=[0.00860459,0.00989601] CFL target=.7
[ Info: [n064_weno9_surface_layer_t100_s1] iter 17000 t=2.685 hours dt=679.779 ms 0.0134 s/step max|w|=0.495 theta=[289.956,299.400] q=[0.0085992,0.00989274] CFL target=.7
[ Info: [n064_weno9_surface_layer_t100_s1] iter 17100 t=2.704 hours dt=686.602 ms 0.0229 s/step max|w|=0.492 theta=[289.940,299.405] q=[0.00859382,0.00989447] CFL target=.7
[ Info: [n064_weno9_surface_layer_t100_s1] iter 17200 t=2.722 hours dt=680.871 ms 0.0145 s/step max|w|=0.437 theta=[289.924,299.411] q=[0.00858844,0.00989134] CFL target=.7
[ Info: [n064_weno9_surface_layer_t100_s1] iter 17300 t=2.741 hours dt=681.395 ms 0.0137 s/step max|w|=0.505 theta=[289.898,299.416] q=[0.0085831,0.00989285] CFL target=.7
[ Info: [n064_weno9_surface_layer_t100_s1] iter 17400 t=2.759 hours dt=686.475 ms 0.0229 s/step max|w|=0.483 theta=[289.890,299.421] q=[0.00857779,0.00989379] CFL target=.7
[ Info: [n064_weno9_surface_layer_t100_s1] iter 17500 t=2.778 hours dt=689.646 ms 0.0152 s/step max|w|=0.468 theta=[289.868,299.427] q=[0.00857236,0.00989227] CFL target=.7
[ Info: [n064_weno9_surface_layer_t100_s1] iter 17600 t=2.797 hours dt=690.648 ms 0.0134 s/step max|w|=0.467 theta=[289.852,299.432] q=[0.00856703,0.00989174] CFL target=.7
[ Info: [n064_weno9_surface_layer_t100_s1] iter 17700 t=2.815 hours dt=695.195 ms 0.0226 s/step max|w|=0.473 theta=[289.837,299.437] q=[0.00856167,0.00989157] CFL target=.7
[ Info: [n064_weno9_surface_layer_t100_s1] iter 17800 t=2.834 hours dt=691.648 ms 0.0157 s/step max|w|=0.549 theta=[289.843,299.442] q=[0.00855637,0.00988736] CFL target=.7
[ Info: [n064_weno9_surface_layer_t100_s1] iter 17900 t=2.852 hours dt=692.187 ms 0.0134 s/step max|w|=0.506 theta=[289.811,299.448] q=[0.00855098,0.00988812] CFL target=.7
[ Info: [n064_weno9_surface_layer_t100_s1] iter 18000 t=2.871 hours dt=696.874 ms 0.0234 s/step max|w|=0.539 theta=[289.803,299.453] q=[0.00854553,0.00988777] CFL target=.7
[ Info: [n064_weno9_surface_layer_t100_s1] iter 18100 t=2.889 hours dt=701.758 ms 0.0149 s/step max|w|=0.447 theta=[289.789,299.458] q=[0.00854019,0.00988442] CFL target=.7
[ Info: [n064_weno9_surface_layer_t100_s1] iter 18200 t=2.908 hours dt=703.193 ms 0.0218 s/step max|w|=0.491 theta=[289.763,299.463] q=[0.00853489,0.00988266] CFL target=.7
[ Info: [n064_weno9_surface_layer_t100_s1] iter 18300 t=2.926 hours dt=704.197 ms 0.0153 s/step max|w|=0.491 theta=[289.750,299.469] q=[0.00852956,0.00988091] CFL target=.7
[ Info: [n064_weno9_surface_layer_t100_s1] iter 18400 t=2.945 hours dt=701.464 ms 0.0152 s/step max|w|=0.673 theta=[289.742,299.474] q=[0.00852425,0.00987947] CFL target=.7
[ Info: [n064_weno9_surface_layer_t100_s1] iter 18500 t=2.963 hours dt=707.585 ms 0.0217 s/step max|w|=0.513 theta=[289.745,299.479] q=[0.00851888,0.00988001] CFL target=.7
[ Info: [n064_weno9_surface_layer_t100_s1] iter 18600 t=2.982 hours dt=711.478 ms 0.0153 s/step max|w|=0.422 theta=[289.719,299.484] q=[0.00851349,0.00987835] CFL target=.7
[ Info: [n064_weno9_surface_layer_t100_s1] iter 18700 t=3.000 hours dt=709.484 ms 0.0181 s/step max|w|=0.438 theta=[289.708,299.489] q=[0.00850791,0.00987866] CFL target=.7
[ Info: [n064_weno9_surface_layer_t100_s1] iter 18800 t=3.019 hours dt=706.445 ms 0.0213 s/step max|w|=0.513 theta=[289.693,299.494] q=[0.00850241,0.00987761] CFL target=.7
[ Info: [n064_weno9_surface_layer_t100_s1] iter 18900 t=3.037 hours dt=708.747 ms 0.0150 s/step max|w|=0.44 theta=[289.660,299.499] q=[0.00849748,0.00987567] CFL target=.7
[ Info: [n064_weno9_surface_layer_t100_s1] iter 19000 t=3.056 hours dt=707.320 ms 0.0233 s/step max|w|=0.437 theta=[289.647,299.504] q=[0.00849193,0.00987373] CFL target=.7
[ Info: [n064_weno9_surface_layer_t100_s1] iter 19100 t=3.074 hours dt=714.552 ms 0.0146 s/step max|w|=0.431 theta=[289.632,299.510] q=[0.00848654,0.00987736] CFL target=.7
[ Info: [n064_weno9_surface_layer_t100_s1] iter 19200 t=3.093 hours dt=711.953 ms 0.0153 s/step max|w|=0.435 theta=[289.623,299.515] q=[0.00848127,0.00987431] CFL target=.7
[ Info: [n064_weno9_surface_layer_t100_s1] iter 19300 t=3.112 hours dt=710.552 ms 0.0230 s/step max|w|=0.427 theta=[289.605,299.520] q=[0.00847585,0.00987341] CFL target=.7
[ Info: [n064_weno9_surface_layer_t100_s1] iter 19400 t=3.131 hours dt=711.864 ms 0.0157 s/step max|w|=0.404 theta=[289.588,299.525] q=[0.00847027,0.00987804] CFL target=.7
[ Info: [n064_weno9_surface_layer_t100_s1] iter 19500 t=3.150 hours dt=716.107 ms 0.0148 s/step max|w|=0.427 theta=[289.576,299.530] q=[0.0084648,0.00987184] CFL target=.7
[ Info: [n064_weno9_surface_layer_t100_s1] iter 19600 t=3.169 hours dt=715.722 ms 0.0231 s/step max|w|=0.453 theta=[289.566,299.535] q=[0.00845933,0.00987187] CFL target=.7
[ Info: [n064_weno9_surface_layer_t100_s1] iter 19700 t=3.188 hours dt=715.654 ms 0.0156 s/step max|w|=0.409 theta=[289.558,299.541] q=[0.00845376,0.00986912] CFL target=.7
[ Info: [n064_weno9_surface_layer_t100_s1] iter 19800 t=3.206 hours dt=705.640 ms 0.0233 s/step max|w|=0.417 theta=[289.543,299.546] q=[0.00844836,0.00986818] CFL target=.7
[ Info: [n064_weno9_surface_layer_t100_s1] iter 19900 t=3.225 hours dt=711.953 ms 0.0147 s/step max|w|=0.406 theta=[289.511,299.551] q=[0.00844296,0.00986727] CFL target=.7
[ Info: [n064_weno9_surface_layer_t100_s1] iter 20000 t=3.244 hours dt=717.305 ms 0.0154 s/step max|w|=0.46 theta=[289.503,299.556] q=[0.00843713,0.00986659] CFL target=.7
[ Info: [n064_weno9_surface_layer_t100_s1] iter 20100 t=3.264 hours dt=720.656 ms 0.0243 s/step max|w|=0.373 theta=[289.505,299.562] q=[0.00843173,0.00986938] CFL target=.7
[ Info: [n064_weno9_surface_layer_t100_s1] iter 20200 t=3.283 hours dt=716.947 ms 0.0155 s/step max|w|=0.454 theta=[289.480,299.567] q=[0.00842625,0.00986929] CFL target=.7
[ Info: [n064_weno9_surface_layer_t100_s1] iter 20300 t=3.302 hours dt=718.697 ms 0.0235 s/step max|w|=0.409 theta=[289.466,299.572] q=[0.00842063,0.00986655] CFL target=.7
[ Info: [n064_weno9_surface_layer_t100_s1] iter 20400 t=3.322 hours dt=718.770 ms 0.0159 s/step max|w|=0.387 theta=[289.463,299.578] q=[0.00841503,0.0098658] CFL target=.7
[ Info: [n064_weno9_surface_layer_t100_s1] iter 20500 t=3.342 hours dt=722.605 ms 0.0255 s/step max|w|=0.434 theta=[289.443,299.583] q=[0.00840923,0.00986791] CFL target=.7
[ Info: [n064_weno9_surface_layer_t100_s1] iter 20600 t=3.362 hours dt=725.278 ms 0.0154 s/step max|w|=0.389 theta=[289.453,299.589] q=[0.00840353,0.00987479] CFL target=.7
[ Info: [n064_weno9_surface_layer_t100_s1] iter 20700 t=3.382 hours dt=724.621 ms 0.0158 s/step max|w|=0.419 theta=[289.449,299.594] q=[0.00839767,0.00986443] CFL target=.7
[ Info: [n064_weno9_surface_layer_t100_s1] iter 20800 t=3.402 hours dt=721.475 ms 0.0237 s/step max|w|=0.451 theta=[289.424,299.599] q=[0.00839186,0.00986726] CFL target=.7
[ Info: [n064_weno9_surface_layer_t100_s1] iter 20900 t=3.421 hours dt=724.072 ms 0.0165 s/step max|w|=0.594 theta=[289.397,299.604] q=[0.00838624,0.00986523] CFL target=.7
[ Info: [n064_weno9_surface_layer_t100_s1] iter 21000 t=3.441 hours dt=731.802 ms 0.0240 s/step max|w|=0.482 theta=[289.400,299.611] q=[0.00838053,0.00986294] CFL target=.7
[ Info: [n064_weno9_surface_layer_t100_s1] iter 21100 t=3.461 hours dt=724.722 ms 0.0156 s/step max|w|=0.514 theta=[289.386,299.617] q=[0.00837443,0.00986257] CFL target=.7
[ Info: [n064_weno9_surface_layer_t100_s1] iter 21200 t=3.481 hours dt=727.172 ms 0.0175 s/step max|w|=0.505 theta=[289.377,299.621] q=[0.00836867,0.00986444] CFL target=.7
[ Info: [n064_weno9_surface_layer_t100_s1] iter 21300 t=3.501 hours dt=726.820 ms 0.0247 s/step max|w|=0.517 theta=[289.393,299.627] q=[0.00836289,0.00986276] CFL target=.7
[ Info: [n064_weno9_surface_layer_t100_s1] iter 21400 t=3.521 hours dt=730.732 ms 0.0159 s/step max|w|=0.551 theta=[289.377,299.632] q=[0.00835719,0.00986072] CFL target=.7
[ Info: [n064_weno9_surface_layer_t100_s1] iter 21500 t=3.541 hours dt=732.792 ms 0.0238 s/step max|w|=0.497 theta=[289.370,299.638] q=[0.00835153,0.0098591] CFL target=.7
[ Info: [n064_weno9_surface_layer_t100_s1] iter 21600 t=3.560 hours dt=733.488 ms 0.0162 s/step max|w|=0.466 theta=[289.361,299.643] q=[0.00834578,0.00986123] CFL target=.7
[ Info: [n064_weno9_surface_layer_t100_s1] iter 21700 t=3.580 hours dt=725.636 ms 0.0245 s/step max|w|=0.497 theta=[289.345,299.648] q=[0.00834005,0.00985979] CFL target=.7
[ Info: [n064_weno9_surface_layer_t100_s1] iter 21800 t=3.600 hours dt=734.583 ms 0.0160 s/step max|w|=0.485 theta=[289.341,299.652] q=[0.00833431,0.00985991] CFL target=.7
[ Info: [n064_weno9_surface_layer_t100_s1] iter 21900 t=3.620 hours dt=732.577 ms 0.0178 s/step max|w|=0.54 theta=[289.325,299.658] q=[0.00832855,0.00986228] CFL target=.7
[ Info: [n064_weno9_surface_layer_t100_s1] iter 22000 t=3.640 hours dt=727.138 ms 0.0246 s/step max|w|=0.517 theta=[289.291,299.663] q=[0.0083228,0.00986037] CFL target=.7
[ Info: [n064_weno9_surface_layer_t100_s1] iter 22100 t=3.660 hours dt=732.886 ms 0.0161 s/step max|w|=0.509 theta=[289.292,299.668] q=[0.00831713,0.00986046] CFL target=.7
[ Info: [n064_weno9_surface_layer_t100_s1] iter 22200 t=3.679 hours dt=728.901 ms 0.0242 s/step max|w|=0.501 theta=[289.318,299.673] q=[0.00831136,0.00985858] CFL target=.7
[ Info: [n064_weno9_surface_layer_t100_s1] iter 22300 t=3.699 hours dt=736.493 ms 0.0168 s/step max|w|=0.595 theta=[289.290,299.678] q=[0.00830544,0.00986563] CFL target=.7
[ Info: [n064_weno9_surface_layer_t100_s1] iter 22400 t=3.719 hours dt=739.831 ms 0.0249 s/step max|w|=0.559 theta=[289.252,299.683] q=[0.00829954,0.00986252] CFL target=.7
[ Info: [n064_weno9_surface_layer_t100_s1] iter 22500 t=3.739 hours dt=734.599 ms 0.0161 s/step max|w|=0.529 theta=[289.249,299.688] q=[0.00829391,0.00986315] CFL target=.7
[ Info: [n064_weno9_surface_layer_t100_s1] iter 22600 t=3.759 hours dt=739.770 ms 0.0182 s/step max|w|=0.635 theta=[289.267,299.694] q=[0.00828825,0.00985792] CFL target=.7
[ Info: [n064_weno9_surface_layer_t100_s1] iter 22700 t=3.779 hours dt=735.372 ms 0.0249 s/step max|w|=0.533 theta=[289.269,299.699] q=[0.00828254,0.00985797] CFL target=.7
[ Info: [n064_weno9_surface_layer_t100_s1] iter 22800 t=3.798 hours dt=737.027 ms 0.0163 s/step max|w|=0.597 theta=[289.235,299.704] q=[0.00827694,0.00986077] CFL target=.7
[ Info: [n064_weno9_surface_layer_t100_s1] iter 22900 t=3.818 hours dt=737.688 ms 0.0245 s/step max|w|=0.518 theta=[289.226,299.710] q=[0.00827128,0.00986066] CFL target=.7
[ Info: [n064_weno9_surface_layer_t100_s1] iter 23000 t=3.838 hours dt=734.801 ms 0.0175 s/step max|w|=0.507 theta=[289.223,299.715] q=[0.00826553,0.0098593] CFL target=.7
[ Info: [n064_weno9_surface_layer_t100_s1] iter 23100 t=3.858 hours dt=734.798 ms 0.0245 s/step max|w|=0.565 theta=[289.217,299.720] q=[0.0082598,0.00985743] CFL target=.7
[ Info: [n064_weno9_surface_layer_t100_s1] iter 23200 t=3.878 hours dt=733.519 ms 0.0171 s/step max|w|=0.611 theta=[289.202,299.725] q=[0.00825414,0.00985791] CFL target=.7
[ Info: [n064_weno9_surface_layer_t100_s1] iter 23300 t=3.898 hours dt=738.585 ms 0.0268 s/step max|w|=0.494 theta=[289.192,299.730] q=[0.0082485,0.0098606] CFL target=.7
[ Info: [n064_weno9_surface_layer_t100_s1] iter 23400 t=3.917 hours dt=739.770 ms 0.0168 s/step max|w|=0.592 theta=[289.181,299.735] q=[0.00824284,0.00986041] CFL target=.7
[ Info: [n064_weno9_surface_layer_t100_s1] iter 23500 t=3.937 hours dt=742.159 ms 0.0253 s/step max|w|=0.496 theta=[289.204,299.740] q=[0.0082371,0.00985786] CFL target=.7
[ Info: [n064_weno9_surface_layer_t100_s1] iter 23600 t=3.957 hours dt=741.022 ms 0.0165 s/step max|w|=0.472 theta=[289.190,299.746] q=[0.00823137,0.00985676] CFL target=.7
[ Info: [n064_weno9_surface_layer_t100_s1] iter 23700 t=3.977 hours dt=746.770 ms 0.0251 s/step max|w|=0.488 theta=[289.180,299.751] q=[0.00822558,0.00985707] CFL target=.7
[ Info: [n064_weno9_surface_layer_t100_s1] iter 23800 t=3.997 hours dt=738.828 ms 0.0164 s/step max|w|=0.452 theta=[289.189,299.756] q=[0.00821987,0.00985462] CFL target=.7
[ Info: [n064_weno9_surface_layer_t100_s1] iter 23900 t=4.017 hours dt=744.492 ms 0.0271 s/step max|w|=0.424 theta=[289.177,299.760] q=[0.00821413,0.00985631] CFL target=.7
[ Info: [n064_weno9_surface_layer_t100_s1] iter 24000 t=4.037 hours dt=743.764 ms 0.0191 s/step max|w|=0.663 theta=[289.168,299.765] q=[0.00820835,0.00985324] CFL target=.7
[ Info: [n064_weno9_surface_layer_t100_s1] iter 24100 t=4.056 hours dt=739.432 ms 0.0242 s/step max|w|=0.495 theta=[289.183,299.770] q=[0.00820266,0.00985587] CFL target=.7
[ Info: [n064_weno9_surface_layer_t100_s1] iter 24200 t=4.076 hours dt=744.966 ms 0.0254 s/step max|w|=0.512 theta=[289.164,299.775] q=[0.00819693,0.00985707] CFL target=.7
[ Info: [n064_weno9_surface_layer_t100_s1] iter 24300 t=4.096 hours dt=739.707 ms 0.0174 s/step max|w|=0.547 theta=[289.151,299.780] q=[0.00819105,0.00986194] CFL target=.7
[ Info: [n064_weno9_surface_layer_t100_s1] iter 24400 t=4.116 hours dt=736.069 ms 0.0247 s/step max|w|=0.45 theta=[289.176,299.786] q=[0.00818485,0.00986439] CFL target=.7
[ Info: [n064_weno9_surface_layer_t100_s1] iter 24500 t=4.136 hours dt=742.430 ms 0.0173 s/step max|w|=0.471 theta=[289.174,299.792] q=[0.00817877,0.00986902] CFL target=.7
[ Info: [n064_weno9_surface_layer_t100_s1] iter 24600 t=4.156 hours dt=746.545 ms 0.0249 s/step max|w|=0.607 theta=[289.180,299.797] q=[0.00817388,0.00987595] CFL target=.7
[ Info: [n064_weno9_surface_layer_t100_s1] iter 24700 t=4.175 hours dt=744.195 ms 0.0189 s/step max|w|=0.558 theta=[289.192,299.802] q=[0.00816837,0.009875] CFL target=.7
[ Info: [n064_weno9_surface_layer_t100_s1] iter 24800 t=4.195 hours dt=741.271 ms 0.0250 s/step max|w|=0.63 theta=[289.202,299.808] q=[0.00816266,0.00987862] CFL target=.7
[ Info: [n064_weno9_surface_layer_t100_s1] iter 24900 t=4.215 hours dt=751.652 ms 0.0174 s/step max|w|=0.522 theta=[289.214,299.814] q=[0.00815684,0.00988324] CFL target=.7
[ Info: [n064_weno9_surface_layer_t100_s1] iter 25000 t=4.235 hours dt=745.963 ms 0.0251 s/step max|w|=0.474 theta=[289.210,299.819] q=[0.00815114,0.00989024] CFL target=.7
[ Info: [n064_weno9_surface_layer_t100_s1] iter 25100 t=4.255 hours dt=740.910 ms 0.0181 s/step max|w|=0.495 theta=[289.219,299.825] q=[0.00814556,0.0098962] CFL target=.7
[ Info: [n064_weno9_surface_layer_t100_s1] iter 25200 t=4.275 hours dt=743.871 ms 0.0249 s/step max|w|=0.443 theta=[289.227,299.831] q=[0.00813989,0.00990101] CFL target=.7
[ Info: [n064_weno9_surface_layer_t100_s1] iter 25300 t=4.294 hours dt=748.660 ms 0.0177 s/step max|w|=0.594 theta=[289.237,299.836] q=[0.00813416,0.00990706] CFL target=.7
[ Info: [n064_weno9_surface_layer_t100_s1] iter 25400 t=4.314 hours dt=743.843 ms 0.0266 s/step max|w|=0.582 theta=[289.251,299.841] q=[0.00812845,0.00991271] CFL target=.7
[ Info: [n064_weno9_surface_layer_t100_s1] iter 25500 t=4.334 hours dt=744.312 ms 0.0182 s/step max|w|=0.529 theta=[289.269,299.846] q=[0.00812265,0.0099165] CFL target=.7
[ Info: [n064_weno9_surface_layer_t100_s1] iter 25600 t=4.354 hours dt=747.985 ms 0.0257 s/step max|w|=0.496 theta=[289.271,299.851] q=[0.00811675,0.00992444] CFL target=.7
[ Info: [n064_weno9_surface_layer_t100_s1] iter 25700 t=4.374 hours dt=740.993 ms 0.0171 s/step max|w|=0.501 theta=[289.293,299.857] q=[0.0081113,0.00992963] CFL target=.7
[ Info: [n064_weno9_surface_layer_t100_s1] iter 25800 t=4.394 hours dt=746.821 ms 0.0259 s/step max|w|=0.601 theta=[289.306,299.862] q=[0.0081055,0.00993688] CFL target=.7
[ Info: [n064_weno9_surface_layer_t100_s1] iter 25900 t=4.414 hours dt=749.193 ms 0.0173 s/step max|w|=0.522 theta=[289.329,299.867] q=[0.00809974,0.00994287] CFL target=.7
[ Info: [n064_weno9_surface_layer_t100_s1] iter 26000 t=4.433 hours dt=746.055 ms 0.0260 s/step max|w|=0.64 theta=[289.326,299.872] q=[0.00809386,0.00994973] CFL target=.7
[ Info: [n064_weno9_surface_layer_t100_s1] iter 26100 t=4.453 hours dt=749.437 ms 0.0198 s/step max|w|=0.563 theta=[289.322,299.877] q=[0.00808808,0.00996078] CFL target=.7
[ Info: [n064_weno9_surface_layer_t100_s1] iter 26200 t=4.473 hours dt=747.031 ms 0.0249 s/step max|w|=0.5 theta=[289.326,299.883] q=[0.00808224,0.00997007] CFL target=.7
[ Info: [n064_weno9_surface_layer_t100_s1] iter 26300 t=4.493 hours dt=747.545 ms 0.0260 s/step max|w|=0.622 theta=[289.373,299.887] q=[0.00807663,0.00997079] CFL target=.7
[ Info: [n064_weno9_surface_layer_t100_s1] iter 26400 t=4.513 hours dt=747.084 ms 0.0181 s/step max|w|=0.597 theta=[289.398,299.892] q=[0.00807099,0.00997712] CFL target=.7
[ Info: [n064_weno9_surface_layer_t100_s1] iter 26500 t=4.533 hours dt=747.709 ms 0.0253 s/step max|w|=0.826 theta=[289.419,299.896] q=[0.00806532,0.00998599] CFL target=.7
[ Info: [n064_weno9_surface_layer_t100_s1] iter 26600 t=4.552 hours dt=745.827 ms 0.0181 s/step max|w|=0.582 theta=[289.433,299.900] q=[0.00805947,0.00999576] CFL target=.7
[ Info: [n064_weno9_surface_layer_t100_s1] iter 26700 t=4.572 hours dt=746.530 ms 0.0252 s/step max|w|=0.555 theta=[289.454,299.906] q=[0.00805365,0.00999567] CFL target=.7
[ Info: [n064_weno9_surface_layer_t100_s1] iter 26800 t=4.592 hours dt=748.106 ms 0.0199 s/step max|w|=0.63 theta=[289.469,299.911] q=[0.00804775,0.0100074] CFL target=.7
[ Info: [n064_weno9_surface_layer_t100_s1] iter 26900 t=4.612 hours dt=752.894 ms 0.0257 s/step max|w|=0.549 theta=[289.479,299.917] q=[0.00804201,0.0100171] CFL target=.7
[ Info: [n064_weno9_surface_layer_t100_s1] iter 27000 t=4.632 hours dt=743.016 ms 0.0183 s/step max|w|=0.575 theta=[289.497,299.922] q=[0.00803617,0.0100232] CFL target=.7
[ Info: [n064_weno9_surface_layer_t100_s1] iter 27100 t=4.652 hours dt=750.449 ms 0.0263 s/step max|w|=0.548 theta=[289.513,299.926] q=[0.00803024,0.0100325] CFL target=.7
[ Info: [n064_weno9_surface_layer_t100_s1] iter 27200 t=4.672 hours dt=744.399 ms 0.0179 s/step max|w|=0.743 theta=[289.526,299.931] q=[0.00802501,0.0100356] CFL target=.7
[ Info: [n064_weno9_surface_layer_t100_s1] iter 27300 t=4.691 hours dt=748.771 ms 0.0263 s/step max|w|=0.596 theta=[289.557,299.937] q=[0.00801956,0.0100479] CFL target=.7
[ Info: [n064_weno9_surface_layer_t100_s1] iter 27400 t=4.711 hours dt=742.748 ms 0.0188 s/step max|w|=0.67 theta=[289.572,299.942] q=[0.00801374,0.0100594] CFL target=.7
[ Info: [n064_weno9_surface_layer_t100_s1] iter 27500 t=4.731 hours dt=750.651 ms 0.0269 s/step max|w|=0.725 theta=[289.590,299.947] q=[0.00800795,0.0100638] CFL target=.7
[ Info: [n064_weno9_surface_layer_t100_s1] iter 27600 t=4.751 hours dt=746.248 ms 0.0270 s/step max|w|=0.668 theta=[289.593,299.952] q=[0.00800215,0.0100676] CFL target=.7
[ Info: [n064_weno9_surface_layer_t100_s1] iter 27700 t=4.771 hours dt=752.217 ms 0.0184 s/step max|w|=0.668 theta=[289.568,299.957] q=[0.00799663,0.0100755] CFL target=.7
[ Info: [n064_weno9_surface_layer_t100_s1] iter 27800 t=4.791 hours dt=741.037 ms 0.0259 s/step max|w|=0.719 theta=[289.609,299.962] q=[0.00799076,0.0100866] CFL target=.7
[ Info: [n064_weno9_surface_layer_t100_s1] iter 27900 t=4.810 hours dt=748.542 ms 0.0188 s/step max|w|=0.875 theta=[289.654,299.967] q=[0.00798502,0.0100896] CFL target=.7
[ Info: [n064_weno9_surface_layer_t100_s1] iter 28000 t=4.830 hours dt=744.539 ms 0.0258 s/step max|w|=0.73 theta=[289.694,299.971] q=[0.00797934,0.0101005] CFL target=.7
[ Info: [n064_weno9_surface_layer_t100_s1] iter 28100 t=4.850 hours dt=744.579 ms 0.0200 s/step max|w|=0.679 theta=[289.720,299.977] q=[0.0079737,0.010107] CFL target=.7
[ Info: [n064_weno9_surface_layer_t100_s1] iter 28200 t=4.870 hours dt=737.293 ms 0.0272 s/step max|w|=0.664 theta=[289.701,299.983] q=[0.00796808,0.0101195] CFL target=.7
[ Info: [n064_weno9_surface_layer_t100_s1] iter 28300 t=4.890 hours dt=748.232 ms 0.0264 s/step max|w|=0.735 theta=[289.722,299.988] q=[0.00796245,0.0101298] CFL target=.7
[ Info: [n064_weno9_surface_layer_t100_s1] iter 28400 t=4.910 hours dt=741.887 ms 0.0187 s/step max|w|=0.734 theta=[289.770,299.992] q=[0.00795679,0.0101286] CFL target=.7
[ Info: [n064_weno9_surface_layer_t100_s1] iter 28500 t=4.929 hours dt=752.325 ms 0.0266 s/step max|w|=0.654 theta=[289.794,299.997] q=[0.00795106,0.0101426] CFL target=.7
[ Info: [n064_weno9_surface_layer_t100_s1] iter 28600 t=4.949 hours dt=747.214 ms 0.0190 s/step max|w|=0.666 theta=[289.758,300.002] q=[0.00794543,0.010149] CFL target=.7
[ Info: [n064_weno9_surface_layer_t100_s1] iter 28700 t=4.969 hours dt=745.313 ms 0.0262 s/step max|w|=0.727 theta=[289.790,300.007] q=[0.00793976,0.0101528] CFL target=.7
[ Info: [n064_weno9_surface_layer_t100_s1] iter 28800 t=4.989 hours dt=739.851 ms 0.0200 s/step max|w|=0.719 theta=[289.783,300.012] q=[0.00793403,0.010172] CFL target=.7
[ Info: [n064_weno9_surface_layer_t100_s1] iter 28900 t=5.009 hours dt=749.991 ms 0.0293 s/step max|w|=0.83 theta=[289.883,300.018] q=[0.00793093,0.0101734] CFL target=.7
[ Info: [n064_weno9_surface_layer_t100_s1] iter 29000 t=5.029 hours dt=743.930 ms 0.0269 s/step max|w|=0.705 theta=[289.924,300.024] q=[0.00793076,0.0101888] CFL target=.7
[ Info: [n064_weno9_surface_layer_t100_s1] iter 29100 t=5.048 hours dt=754.206 ms 0.0188 s/step max|w|=0.801 theta=[289.959,300.029] q=[0.00793076,0.0101958] CFL target=.7
[ Info: [n064_weno9_surface_layer_t100_s1] iter 29200 t=5.068 hours dt=754.062 ms 0.0262 s/step max|w|=0.676 theta=[289.997,300.034] q=[0.00793078,0.0102019] CFL target=.7
[ Info: [n064_weno9_surface_layer_t100_s1] iter 29300 t=5.088 hours dt=751.439 ms 0.0195 s/step max|w|=0.828 theta=[290.017,300.038] q=[0.00793089,0.0102173] CFL target=.7
[ Info: [n064_weno9_surface_layer_t100_s1] iter 29400 t=5.108 hours dt=747.722 ms 0.0270 s/step max|w|=0.959 theta=[290.051,300.044] q=[0.00793081,0.0102266] CFL target=.7
[ Info: [n064_weno9_surface_layer_t100_s1] iter 29500 t=5.128 hours dt=756.182 ms 0.0191 s/step max|w|=0.739 theta=[290.086,300.050] q=[0.00793078,0.0102357] CFL target=.7
[ Info: [n064_weno9_surface_layer_t100_s1] iter 29600 t=5.148 hours dt=748.444 ms 0.0284 s/step max|w|=0.831 theta=[290.107,300.055] q=[0.00793072,0.0102524] CFL target=.7
[ Info: [n064_weno9_surface_layer_t100_s1] iter 29700 t=5.167 hours dt=745.543 ms 0.0267 s/step max|w|=0.725 theta=[290.132,300.059] q=[0.00793075,0.0102551] CFL target=.7
[ Info: [n064_weno9_surface_layer_t100_s1] iter 29800 t=5.187 hours dt=763.799 ms 0.0193 s/step max|w|=0.868 theta=[290.185,300.065] q=[0.00793065,0.010275] CFL target=.7
[ Info: [n064_weno9_surface_layer_t100_s1] iter 29900 t=5.207 hours dt=758.087 ms 0.0270 s/step max|w|=0.891 theta=[290.205,300.070] q=[0.00793045,0.010289] CFL target=.7
[ Info: [n064_weno9_surface_layer_t100_s1] iter 30000 t=5.228 hours dt=751.845 ms 0.0272 s/step max|w|=0.767 theta=[290.238,300.077] q=[0.00793024,0.0102891] CFL target=.7
[ Info: [n064_weno9_surface_layer_t100_s1] iter 30100 t=5.247 hours dt=760.392 ms 0.0192 s/step max|w|=0.736 theta=[290.249,300.082] q=[0.00793023,0.010293] CFL target=.7
[ Info: [n064_weno9_surface_layer_t100_s1] iter 30200 t=5.267 hours dt=764.963 ms 0.0287 s/step max|w|=0.952 theta=[290.301,300.087] q=[0.00793041,0.0103039] CFL target=.7
[ Info: [n064_weno9_surface_layer_t100_s1] iter 30300 t=5.288 hours dt=757.964 ms 0.0195 s/step max|w|=0.741 theta=[290.346,300.092] q=[0.00793042,0.0103303] CFL target=.7
[ Info: [n064_weno9_surface_layer_t100_s1] iter 30400 t=5.309 hours dt=778.034 ms 0.0292 s/step max|w|=0.754 theta=[290.373,300.098] q=[0.00793026,0.0103436] CFL target=.7
[ Info: [n064_weno9_surface_layer_t100_s1] iter 30500 t=5.330 hours dt=775.655 ms 0.0271 s/step max|w|=0.862 theta=[290.411,300.103] q=[0.00793042,0.0103364] CFL target=.7
[ Info: [n064_weno9_surface_layer_t100_s1] iter 30600 t=5.352 hours dt=784.289 ms 0.0212 s/step max|w|=0.888 theta=[290.456,300.109] q=[0.00793038,0.0103518] CFL target=.7
[ Info: [n064_weno9_surface_layer_t100_s1] iter 30700 t=5.373 hours dt=780.893 ms 0.0296 s/step max|w|=0.978 theta=[290.481,300.114] q=[0.00793044,0.0103734] CFL target=.7
[ Info: [n064_weno9_surface_layer_t100_s1] iter 30800 t=5.394 hours dt=778.019 ms 0.0195 s/step max|w|=0.974 theta=[290.524,300.119] q=[0.00793049,0.0103812] CFL target=.7
[ Info: [n064_weno9_surface_layer_t100_s1] iter 30900 t=5.416 hours dt=782.308 ms 0.0289 s/step max|w|=1.27 theta=[290.536,300.124] q=[0.00793051,0.0104153] CFL target=.7
[ Info: [n064_weno9_surface_layer_t100_s1] iter 31000 t=5.437 hours dt=788.648 ms 0.0289 s/step max|w|=1.02 theta=[290.559,300.129] q=[0.00793043,0.0104245] CFL target=.7
[ Info: [n064_weno9_surface_layer_t100_s1] iter 31100 t=5.458 hours dt=788.957 ms 0.0197 s/step max|w|=0.968 theta=[290.612,300.136] q=[0.00793059,0.0104286] CFL target=.7
[ Info: [n064_weno9_surface_layer_t100_s1] iter 31200 t=5.480 hours dt=779.100 ms 0.0294 s/step max|w|=1.14 theta=[290.636,300.142] q=[0.00793051,0.0104525] CFL target=.7
[ Info: [n064_weno9_surface_layer_t100_s1] iter 31300 t=5.501 hours dt=773.680 ms 0.0295 s/step max|w|=0.993 theta=[290.676,300.147] q=[0.00793052,0.0104596] CFL target=.7
[ Info: [n064_weno9_surface_layer_t100_s1] iter 31400 t=5.522 hours dt=781.487 ms 0.0201 s/step max|w|=0.995 theta=[290.699,300.153] q=[0.00793029,0.0104809] CFL target=.7
[ Info: [n064_weno9_surface_layer_t100_s1] iter 31500 t=5.544 hours dt=781.918 ms 0.0294 s/step max|w|=0.996 theta=[290.721,300.159] q=[0.00793029,0.0104699] CFL target=.7
[ Info: [n064_weno9_surface_layer_t100_s1] iter 31600 t=5.565 hours dt=786.076 ms 0.0293 s/step max|w|=1.17 theta=[290.767,300.164] q=[0.00793043,0.010548] CFL target=.7
[ Info: [n064_weno9_surface_layer_t100_s1] iter 31700 t=5.586 hours dt=770.761 ms 0.0222 s/step max|w|=1.65 theta=[290.783,300.169] q=[0.0079303,0.0105467] CFL target=.7
[ Info: [n064_weno9_surface_layer_t100_s1] iter 31800 t=5.608 hours dt=766.575 ms 0.0268 s/step max|w|=1.15 theta=[290.798,300.174] q=[0.00793043,0.0105449] CFL target=.7
[ Info: [n064_weno9_surface_layer_t100_s1] iter 31900 t=5.629 hours dt=798.198 ms 0.0303 s/step max|w|=1.18 theta=[290.850,300.180] q=[0.00793032,0.0105525] CFL target=.7
[ Info: [n064_weno9_surface_layer_t100_s1] iter 32000 t=5.650 hours dt=806.976 ms 0.0196 s/step max|w|=1.26 theta=[290.904,300.186] q=[0.00793025,0.0106389] CFL target=.7
[ Info: [n064_weno9_surface_layer_t100_s1] iter 32100 t=5.671 hours dt=801.053 ms 0.0292 s/step max|w|=1.15 theta=[290.934,300.192] q=[0.00793012,0.0105852] CFL target=.7
[ Info: [n064_weno9_surface_layer_t100_s1] iter 32200 t=5.693 hours dt=804.208 ms 0.0229 s/step max|w|=1.06 theta=[290.919,300.197] q=[0.00793018,0.0105999] CFL target=.7
[ Info: [n064_weno9_surface_layer_t100_s1] iter 32300 t=5.714 hours dt=813.010 ms 0.0289 s/step max|w|=1.12 theta=[290.862,300.202] q=[0.00793022,0.0106198] CFL target=.7
[ Info: [n064_weno9_surface_layer_t100_s1] iter 32400 t=5.736 hours dt=824.510 ms 0.0288 s/step max|w|=1.2 theta=[291.061,300.208] q=[0.00793032,0.0106236] CFL target=.7
[ Info: [n064_weno9_surface_layer_t100_s1] iter 32500 t=5.757 hours dt=847.923 ms 0.0225 s/step max|w|=1.13 theta=[291.060,300.214] q=[0.00793,0.0106836] CFL target=.7
[ Info: [n064_weno9_surface_layer_t100_s1] iter 32600 t=5.780 hours dt=860.213 ms 0.0302 s/step max|w|=1.22 theta=[291.134,300.221] q=[0.00793003,0.0107063] CFL target=.7
[ Info: [n064_weno9_surface_layer_t100_s1] iter 32700 t=5.803 hours dt=854.927 ms 0.0315 s/step max|w|=1.05 theta=[291.168,300.227] q=[0.00793006,0.0107103] CFL target=.7
[ Info: [n064_weno9_surface_layer_t100_s1] iter 32800 t=5.827 hours dt=859.680 ms 0.0221 s/step max|w|=1.36 theta=[291.238,300.232] q=[0.00793009,0.0106494] CFL target=.7
[ Info: [n064_weno9_surface_layer_t100_s1] iter 32900 t=5.850 hours dt=870.087 ms 0.0307 s/step max|w|=1.16 theta=[291.175,300.238] q=[0.00793019,0.0107353] CFL target=.7
[ Info: [n064_weno9_surface_layer_t100_s1] iter 33000 t=5.873 hours dt=886.859 ms 0.0315 s/step max|w|=1.16 theta=[291.290,300.244] q=[0.00793029,0.0107244] CFL target=.7
[ Info: [n064_weno9_surface_layer_t100_s1] iter 33100 t=5.896 hours dt=870.918 ms 0.0222 s/step max|w|=1.15 theta=[291.308,300.251] q=[0.0079304,0.0106758] CFL target=.7
[ Info: [n064_weno9_surface_layer_t100_s1] iter 33200 t=5.919 hours dt=904.261 ms 0.0318 s/step max|w|=1.21 theta=[291.303,300.258] q=[0.0079303,0.0106565] CFL target=.7
[ Info: [n064_weno9_surface_layer_t100_s1] iter 33300 t=5.943 hours dt=896.022 ms 0.0328 s/step max|w|=1.1 theta=[291.409,300.265] q=[0.0079302,0.0107231] CFL target=.7
[ Info: [n064_weno9_surface_layer_t100_s1] iter 33400 t=5.967 hours dt=893.171 ms 0.0232 s/step max|w|=1.06 theta=[291.388,300.271] q=[0.00793014,0.0107988] CFL target=.7
[ Info: [n064_weno9_surface_layer_t100_s1] iter 33500 t=5.990 hours dt=916.533 ms 0.0314 s/step max|w|=1.21 theta=[291.435,300.277] q=[0.00792988,0.0108064] CFL target=.7
[ Info: [n064_weno9_surface_layer_t100_s1] iter 33600 t=6.015 hours dt=912.107 ms 0.0338 s/step max|w|=1.11 theta=[291.517,300.280] q=[0.00792984,0.0108055] CFL target=.7
[ Info: [n064_weno9_surface_layer_t100_s1] iter 33700 t=6.040 hours dt=927.703 ms 0.0328 s/step max|w|=1.1 theta=[291.515,300.279] q=[0.00792991,0.0108206] CFL target=.7
[ Info: [n064_weno9_surface_layer_t100_s1] iter 33800 t=6.065 hours dt=926.632 ms 0.0244 s/step max|w|=1.35 theta=[291.582,300.278] q=[0.00793007,0.0107908] CFL target=.7
[ Info: [n064_weno9_surface_layer_t100_s1] iter 33900 t=6.090 hours dt=952.161 ms 0.0325 s/step max|w|=1.18 theta=[291.601,300.277] q=[0.00793006,0.0107576] CFL target=.7
[ Info: [n064_weno9_surface_layer_t100_s1] iter 34000 t=6.116 hours dt=956.165 ms 0.0661 s/step max|w|=1.25 theta=[291.618,300.278] q=[0.00793025,0.0107623] CFL target=.7
[ Info: [n064_weno9_surface_layer_t100_s1] iter 34100 t=6.141 hours dt=953.303 ms 0.0249 s/step max|w|=1.14 theta=[291.668,300.278] q=[0.00793015,0.0108016] CFL target=.7
[ Info: [n064_weno9_surface_layer_t100_s1] iter 34200 t=6.166 hours dt=985.771 ms 0.0494 s/step max|w|=1.06 theta=[291.692,300.278] q=[0.00793025,0.010844] CFL target=.7
[ Info: [n064_weno9_surface_layer_t100_s1] iter 34300 t=6.192 hours dt=986.205 ms 0.0272 s/step max|w|=1.14 theta=[291.728,300.278] q=[0.00793037,0.010855] CFL target=.7
[ Info: [n064_weno9_surface_layer_t100_s1] iter 34400 t=6.217 hours dt=986.829 ms 0.0461 s/step max|w|=1.13 theta=[291.790,300.277] q=[0.00793039,0.0108501] CFL target=.7
[ Info: [n064_weno9_surface_layer_t100_s1] iter 34500 t=6.244 hours dt=1.013 seconds 0.0354 s/step max|w|=1.13 theta=[291.793,300.276] q=[0.00793047,0.0108761] CFL target=.7
[ Info: [n064_weno9_surface_layer_t100_s1] iter 34600 t=6.271 hours dt=1.033 seconds 0.0346 s/step max|w|=1.12 theta=[291.864,300.275] q=[0.00793025,0.0108608] CFL target=.7
[ Info: [n064_weno9_surface_layer_t100_s1] iter 34700 t=6.299 hours dt=1.061 seconds 0.0278 s/step max|w|=1.2 theta=[291.894,300.275] q=[0.00793014,0.0109114] CFL target=.7
[ Info: [n064_weno9_surface_layer_t100_s1] iter 34800 t=6.327 hours dt=1.047 seconds 0.0345 s/step max|w|=1.23 theta=[291.871,300.275] q=[0.0079302,0.0109888] CFL target=.7
[ Info: [n064_weno9_surface_layer_t100_s1] iter 34900 t=6.355 hours dt=1.044 seconds 0.0348 s/step max|w|=1.16 theta=[291.925,300.275] q=[0.00793018,0.0109365] CFL target=.7
[ Info: [n064_weno9_surface_layer_t100_s1] iter 35000 t=6.383 hours dt=1.066 seconds 0.0347 s/step max|w|=1.22 theta=[291.954,300.274] q=[0.00793009,0.011042] CFL target=.7
[ Info: [n064_weno9_surface_layer_t100_s1] iter 35100 t=6.410 hours dt=1.069 seconds 0.0353 s/step max|w|=1.19 theta=[291.987,300.274] q=[0.00793016,0.0109526] CFL target=.7
[ Info: [n064_weno9_surface_layer_t100_s1] iter 35200 t=6.438 hours dt=1.092 seconds 0.0282 s/step max|w|=1.17 theta=[291.997,300.273] q=[0.00793022,0.0110713] CFL target=.7
[ Info: [n064_weno9_surface_layer_t100_s1] iter 35300 t=6.466 hours dt=1.080 seconds 0.0350 s/step max|w|=1.2 theta=[292.073,300.273] q=[0.00793028,0.0109654] CFL target=.7
[ Info: [n064_weno9_surface_layer_t100_s1] iter 35400 t=6.494 hours dt=1.122 seconds 0.0349 s/step max|w|=1.33 theta=[292.118,300.273] q=[0.00793044,0.0110281] CFL target=.7
[ Info: [n064_weno9_surface_layer_t100_s1] iter 35500 t=6.525 hours dt=1.150 seconds 0.0381 s/step max|w|=1.19 theta=[292.120,300.273] q=[0.00793032,0.0110733] CFL target=.7
[ Info: [n064_weno9_surface_layer_t100_s1] iter 35600 t=6.556 hours dt=1.139 seconds 0.0397 s/step max|w|=1.06 theta=[292.102,300.273] q=[0.00793003,0.0110033] CFL target=.7
[ Info: [n064_weno9_surface_layer_t100_s1] iter 35700 t=6.587 hours dt=1.127 seconds 0.0384 s/step max|w|=1.09 theta=[292.227,300.274] q=[0.00792977,0.0111] CFL target=.7
[ Info: [n064_weno9_surface_layer_t100_s1] iter 35800 t=6.618 hours dt=1.114 seconds 0.0370 s/step max|w|=1.18 theta=[292.218,300.274] q=[0.00792979,0.011127] CFL target=.7
[ Info: [n064_weno9_surface_layer_t100_s1] iter 35900 t=6.647 hours dt=1.103 seconds 0.0362 s/step max|w|=1.31 theta=[292.280,300.275] q=[0.00792972,0.0111155] CFL target=.7
[ Info: [n064_weno9_surface_layer_t100_s1] iter 36000 t=6.674 hours dt=1.092 seconds 0.0363 s/step max|w|=1.32 theta=[292.220,300.275] q=[0.00792962,0.0111624] CFL target=.7
[ Info: [n064_weno9_surface_layer_t100_s1] iter 36100 t=6.702 hours dt=1.083 seconds 0.0287 s/step max|w|=1.27 theta=[292.294,300.275] q=[0.00792968,0.0111778] CFL target=.7
[ Info: [n064_weno9_surface_layer_t100_s1] iter 36200 t=6.730 hours dt=1.073 seconds 0.0350 s/step max|w|=1.42 theta=[292.411,300.274] q=[0.00792966,0.0111271] CFL target=.7
[ Info: [n064_weno9_surface_layer_t100_s1] iter 36300 t=6.758 hours dt=1.064 seconds 0.0367 s/step max|w|=1.43 theta=[292.392,300.274] q=[0.0079297,0.0111304] CFL target=.7
[ Info: [n064_weno9_surface_layer_t100_s1] iter 36400 t=6.785 hours dt=1.055 seconds 0.0363 s/step max|w|=1.35 theta=[292.420,300.273] q=[0.00792985,0.0112078] CFL target=.7
[ Info: [n064_weno9_surface_layer_t100_s1] iter 36500 t=6.813 hours dt=1.047 seconds 0.0355 s/step max|w|=1.38 theta=[292.451,300.273] q=[0.00792992,0.0111601] CFL target=.7
[ Info: [n064_weno9_surface_layer_t100_s1] iter 36600 t=6.841 hours dt=1.037 seconds 0.0368 s/step max|w|=1.32 theta=[292.527,300.273] q=[0.00792968,0.0111686] CFL target=.7
[ Info: [n064_weno9_surface_layer_t100_s1] iter 36700 t=6.869 hours dt=1.028 seconds 0.0295 s/step max|w|=1.29 theta=[292.535,300.271] q=[0.0079295,0.0112677] CFL target=.7
[ Info: [n064_weno9_surface_layer_t100_s1] iter 36800 t=6.896 hours dt=1.020 seconds 0.0361 s/step max|w|=1.4 theta=[292.537,300.270] q=[0.00792951,0.0112925] CFL target=.7
[ Info: [n064_weno9_surface_layer_t100_s1] iter 36900 t=6.924 hours dt=1.012 seconds 0.0362 s/step max|w|=1.39 theta=[292.623,300.270] q=[0.00792957,0.0111364] CFL target=.7
[ Info: [n064_weno9_surface_layer_t100_s1] iter 37000 t=6.952 hours dt=1.004 seconds 0.0372 s/step max|w|=1.63 theta=[292.711,300.270] q=[0.00792981,0.0112937] CFL target=.7
[ Info: [n064_weno9_surface_layer_t100_s1] iter 37100 t=6.979 hours dt=996.235 ms 0.0359 s/step max|w|=1.34 theta=[292.649,300.270] q=[0.00792971,0.011271] CFL target=.7
[ Info: [n064_weno9_surface_layer_t100_s1] iter 37200 t=7.004 hours dt=988.649 ms 0.0369 s/step max|w|=1.53 theta=[292.667,300.270] q=[0.00793026,0.0112045] CFL target=.7
[ Info: [n064_weno9_surface_layer_t100_s1] iter 37300 t=7.029 hours dt=981.420 ms 0.0264 s/step max|w|=1.52 theta=[292.740,300.270] q=[0.00793019,0.011218] CFL target=.7
[ Info: [n064_weno9_surface_layer_t100_s1] iter 37400 t=7.054 hours dt=974.703 ms 0.0349 s/step max|w|=1.49 theta=[292.795,300.270] q=[0.00793027,0.0112884] CFL target=.7
[ Info: [n064_weno9_surface_layer_t100_s1] iter 37500 t=7.080 hours dt=967.474 ms 0.0337 s/step max|w|=1.5 theta=[292.702,300.270] q=[0.00793019,0.0113442] CFL target=.7
[ Info: [n064_weno9_surface_layer_t100_s1] iter 37600 t=7.105 hours dt=959.673 ms 0.0354 s/step max|w|=1.36 theta=[292.850,300.269] q=[0.00793024,0.0112327] CFL target=.7
[ Info: [n064_weno9_surface_layer_t100_s1] iter 37700 t=7.130 hours dt=953.205 ms 0.0266 s/step max|w|=1.48 theta=[292.874,300.269] q=[0.00792994,0.0112691] CFL target=.7
[ Info: [n064_weno9_surface_layer_t100_s1] iter 37800 t=7.155 hours dt=947.901 ms 0.0351 s/step max|w|=1.38 theta=[292.848,300.269] q=[0.00792988,0.0114061] CFL target=.7
[ Info: [n064_weno9_surface_layer_t100_s1] iter 37900 t=7.181 hours dt=942.625 ms 0.0354 s/step max|w|=1.56 theta=[292.894,300.269] q=[0.00792985,0.0113354] CFL target=.7
[ Info: [n064_weno9_surface_layer_t100_s1] iter 38000 t=7.206 hours dt=936.581 ms 0.0364 s/step max|w|=1.42 theta=[292.941,300.268] q=[0.00792968,0.0113539] CFL target=.7
[ Info: [n064_weno9_surface_layer_t100_s1] iter 38100 t=7.231 hours dt=930.566 ms 0.0354 s/step max|w|=1.49 theta=[292.907,300.268] q=[0.00792988,0.0113993] CFL target=.7
[ Info: [n064_weno9_surface_layer_t100_s1] iter 38200 t=7.256 hours dt=924.800 ms 0.0271 s/step max|w|=1.87 theta=[292.996,300.268] q=[0.00793028,0.0113688] CFL target=.7
[ Info: [n064_weno9_surface_layer_t100_s1] iter 38300 t=7.282 hours dt=919.093 ms 0.0355 s/step max|w|=1.73 theta=[293.001,300.268] q=[0.00793038,0.0113624] CFL target=.7
[ Info: [n064_weno9_surface_layer_t100_s1] iter 38400 t=7.307 hours dt=913.150 ms 0.0354 s/step max|w|=1.64 theta=[293.108,300.268] q=[0.0079303,0.0113709] CFL target=.7
[ Info: [n064_weno9_surface_layer_t100_s1] iter 38500 t=7.332 hours dt=907.768 ms 0.0344 s/step max|w|=1.64 theta=[293.119,300.267] q=[0.00793033,0.0114103] CFL target=.7
[ Info: [n064_weno9_surface_layer_t100_s1] iter 38600 t=7.355 hours dt=902.847 ms 0.0262 s/step max|w|=1.77 theta=[293.154,300.267] q=[0.00793032,0.0114651] CFL target=.7
[ Info: [n064_weno9_surface_layer_t100_s1] iter 38700 t=7.378 hours dt=897.721 ms 0.0352 s/step max|w|=1.69 theta=[293.178,300.267] q=[0.00793027,0.0114605] CFL target=.7
[ Info: [n064_weno9_surface_layer_t100_s1] iter 38800 t=7.401 hours dt=892.447 ms 0.0328 s/step max|w|=1.65 theta=[293.191,300.266] q=[0.00793026,0.0114671] CFL target=.7
[ Info: [n064_weno9_surface_layer_t100_s1] iter 38900 t=7.424 hours dt=887.693 ms 0.0331 s/step max|w|=1.76 theta=[293.227,300.266] q=[0.00793024,0.0114613] CFL target=.7
[ Info: [n064_weno9_surface_layer_t100_s1] iter 39000 t=7.447 hours dt=883.226 ms 0.0285 s/step max|w|=1.49 theta=[293.192,300.266] q=[0.00793029,0.0114742] CFL target=.7
[ Info: [n064_weno9_surface_layer_t100_s1] iter 39100 t=7.471 hours dt=878.262 ms 0.0327 s/step max|w|=1.66 theta=[293.200,300.266] q=[0.0079299,0.0115943] CFL target=.7
[ Info: [n064_weno9_surface_layer_t100_s1] iter 39200 t=7.494 hours dt=873.176 ms 0.0339 s/step max|w|=1.54 theta=[293.316,300.265] q=[0.00793005,0.0115525] CFL target=.7
[ Info: [n064_weno9_surface_layer_t100_s1] iter 39300 t=7.517 hours dt=868.721 ms 0.0355 s/step max|w|=1.63 theta=[293.434,300.265] q=[0.00793039,0.0116175] CFL target=.7
[ Info: [n064_weno9_surface_layer_t100_s1] iter 39400 t=7.540 hours dt=864.450 ms 0.0253 s/step max|w|=1.58 theta=[293.429,300.264] q=[0.00775808,0.0116165] CFL target=.7
[ Info: [n064_weno9_surface_layer_t100_s1] iter 39500 t=7.563 hours dt=860.638 ms 0.0339 s/step max|w|=1.76 theta=[293.412,300.264] q=[0.00785401,0.0117766] CFL target=.7
[ Info: [n064_weno9_surface_layer_t100_s1] iter 39600 t=7.586 hours dt=856.080 ms 0.0361 s/step max|w|=1.82 theta=[293.492,300.263] q=[0.00792983,0.0117467] CFL target=.7
[ Info: [n064_weno9_surface_layer_t100_s1] iter 39700 t=7.610 hours dt=851.317 ms 0.0350 s/step max|w|=1.58 theta=[293.472,300.263] q=[0.00792976,0.0117478] CFL target=.7
[ Info: [n064_weno9_surface_layer_t100_s1] iter 39800 t=7.633 hours dt=847.999 ms 0.0346 s/step max|w|=1.86 theta=[293.573,300.262] q=[0.00787306,0.0117274] CFL target=.7
[ Info: [n064_weno9_surface_layer_t100_s1] iter 39900 t=7.656 hours dt=843.759 ms 0.0368 s/step max|w|=1.58 theta=[293.605,300.262] q=[0.00793008,0.0116586] CFL target=.7
[ Info: [n064_weno9_surface_layer_t100_s1] iter 40000 t=7.679 hours dt=839.982 ms 0.0270 s/step max|w|=1.65 theta=[293.475,300.262] q=[0.00793021,0.0117267] CFL target=.7
[ Info: [n064_weno9_surface_layer_t100_s1] iter 40100 t=7.702 hours dt=836.018 ms 0.0347 s/step max|w|=1.73 theta=[293.676,300.262] q=[0.00793009,0.0116926] CFL target=.7
[ Info: [n064_weno9_surface_layer_t100_s1] iter 40200 t=7.725 hours dt=831.632 ms 0.0334 s/step max|w|=1.82 theta=[293.712,300.261] q=[0.00792996,0.0117994] CFL target=.7
[ Info: [n064_weno9_surface_layer_t100_s1] iter 40300 t=7.746 hours dt=828.380 ms 0.0340 s/step max|w|=1.69 theta=[293.585,300.261] q=[0.00792997,0.0118311] CFL target=.7
[ Info: [n064_weno9_surface_layer_t100_s1] iter 40400 t=7.767 hours dt=824.411 ms 0.0349 s/step max|w|=1.55 theta=[293.640,300.261] q=[0.00793009,0.0117103] CFL target=.7
[ Info: [n064_weno9_surface_layer_t100_s1] iter 40500 t=7.789 hours dt=821.205 ms 0.0314 s/step max|w|=1.99 theta=[293.833,300.260] q=[0.00793011,0.0117517] CFL target=.7
[ Info: [n064_weno9_surface_layer_t100_s1] iter 40600 t=7.810 hours dt=817.903 ms 0.0346 s/step max|w|=1.86 theta=[293.698,300.260] q=[0.00793005,0.0118983] CFL target=.7
[ Info: [n064_weno9_surface_layer_t100_s1] iter 40700 t=7.831 hours dt=814.159 ms 0.0349 s/step max|w|=1.82 theta=[293.842,300.260] q=[0.00791874,0.0118574] CFL target=.7
[ Info: [n064_weno9_surface_layer_t100_s1] iter 40800 t=7.853 hours dt=810.800 ms 0.0250 s/step max|w|=1.97 theta=[293.905,300.260] q=[0.00789337,0.0118607] CFL target=.7
[ Info: [n064_weno9_surface_layer_t100_s1] iter 40900 t=7.874 hours dt=807.457 ms 0.0336 s/step max|w|=1.94 theta=[293.801,300.261] q=[0.00792484,0.0118006] CFL target=.7
[ Info: [n064_weno9_surface_layer_t100_s1] iter 41000 t=7.896 hours dt=804.700 ms 0.0342 s/step max|w|=2.08 theta=[293.922,300.261] q=[0.00791474,0.0118852] CFL target=.7
[ Info: [n064_weno9_surface_layer_t100_s1] iter 41100 t=7.917 hours dt=801.850 ms 0.0353 s/step max|w|=1.89 theta=[293.972,300.261] q=[0.00777944,0.0119239] CFL target=.7
[ Info: [n064_weno9_surface_layer_t100_s1] iter 41200 t=7.938 hours dt=798.681 ms 0.0317 s/step max|w|=1.97 theta=[294.036,300.261] q=[0.00791481,0.0119356] CFL target=.7
[ Info: [n064_weno9_surface_layer_t100_s1] iter 41300 t=7.960 hours dt=795.981 ms 0.0352 s/step max|w|=1.88 theta=[294.139,300.260] q=[0.00792346,0.0119428] CFL target=.7
[ Info: [n064_weno9_surface_layer_t100_s1] iter 41400 t=7.981 hours dt=793.071 ms 0.0352 s/step max|w|=2.2 theta=[294.097,300.260] q=[0.00785575,0.0119273] CFL target=.7
[ Info: [n064_weno9_surface_layer_t100_s1] iter 41500 t=8.002 hours dt=789.919 ms 0.0270 s/step max|w|=2.28 theta=[294.117,300.259] q=[0.00791036,0.0119615] CFL target=.7
[ Info: [n064_weno9_surface_layer_t100_s1] iter 41600 t=8.024 hours dt=787.462 ms 0.0339 s/step max|w|=1.89 theta=[294.167,300.259] q=[0.00792994,0.0119417] CFL target=.7
[ Info: [n064_weno9_surface_layer_t100_s1] iter 41700 t=8.045 hours dt=784.557 ms 0.0354 s/step max|w|=1.98 theta=[294.233,300.259] q=[0.00790257,0.0120206] CFL target=.7
[ Info: [n064_weno9_surface_layer_t100_s1] iter 41800 t=8.066 hours dt=781.827 ms 0.0322 s/step max|w|=2.05 theta=[294.310,300.259] q=[0.00792978,0.012009] CFL target=.7
[ Info: [n064_weno9_surface_layer_t100_s1] iter 41900 t=8.088 hours dt=778.926 ms 0.0346 s/step max|w|=1.96 theta=[294.209,300.258] q=[0.00791111,0.0120797] CFL target=.7
[ Info: [n064_weno9_surface_layer_t100_s1] iter 42000 t=8.109 hours dt=776.013 ms 0.0351 s/step max|w|=2.02 theta=[294.423,300.258] q=[0.00789963,0.0119572] CFL target=.7
[ Info: [n064_weno9_surface_layer_t100_s1] iter 42100 t=8.131 hours dt=773.411 ms 0.0330 s/step max|w|=1.93 theta=[294.435,300.257] q=[0.00792137,0.0120369] CFL target=.7
[ Info: [n064_weno9_surface_layer_t100_s1] iter 42200 t=8.152 hours dt=770.603 ms 0.0274 s/step max|w|=1.99 theta=[294.417,300.256] q=[0.00787243,0.0121257] CFL target=.7
[ Info: [n064_weno9_surface_layer_t100_s1] iter 42300 t=8.173 hours dt=768.286 ms 0.0343 s/step max|w|=2 theta=[294.457,300.256] q=[0.00791782,0.0120829] CFL target=.7
[ Info: [n064_weno9_surface_layer_t100_s1] iter 42400 t=8.193 hours dt=766.339 ms 0.0331 s/step max|w|=1.95 theta=[294.526,300.257] q=[0.00788885,0.0120865] CFL target=.7
[ Info: [n064_weno9_surface_layer_t100_s1] iter 42500 t=8.212 hours dt=764.067 ms 0.0325 s/step max|w|=2.07 theta=[294.583,300.256] q=[0.00788211,0.0120627] CFL target=.7
[ Info: [n064_weno9_surface_layer_t100_s1] iter 42600 t=8.232 hours dt=761.562 ms 0.0321 s/step max|w|=1.85 theta=[294.696,300.255] q=[0.0078582,0.0122049] CFL target=.7
[ Info: [n064_weno9_surface_layer_t100_s1] iter 42700 t=8.252 hours dt=759.308 ms 0.0333 s/step max|w|=2.05 theta=[294.652,300.255] q=[0.00784572,0.0121043] CFL target=.7
[ Info: [n064_weno9_surface_layer_t100_s1] iter 42800 t=8.272 hours dt=757.325 ms 0.0252 s/step max|w|=2.03 theta=[294.686,300.254] q=[0.00773667,0.0121735] CFL target=.7
[ Info: [n064_weno9_surface_layer_t100_s1] iter 42900 t=8.292 hours dt=755.167 ms 0.0319 s/step max|w|=2.3 theta=[294.703,300.254] q=[0.00787732,0.012272] CFL target=.7
[ Info: [n064_weno9_surface_layer_t100_s1] iter 43000 t=8.312 hours dt=753.290 ms 0.0357 s/step max|w|=2.02 theta=[294.805,300.254] q=[0.00789802,0.0122485] CFL target=.7
[ Info: [n064_weno9_surface_layer_t100_s1] iter 43100 t=8.331 hours dt=751.105 ms 0.0326 s/step max|w|=2.05 theta=[294.790,300.254] q=[0.00784542,0.0121087] CFL target=.7
[ Info: [n064_weno9_surface_layer_t100_s1] iter 43200 t=8.351 hours dt=749.116 ms 0.0324 s/step max|w|=2.03 theta=[294.838,300.254] q=[0.00787562,0.0121423] CFL target=.7
[ Info: [n064_weno9_surface_layer_t100_s1] iter 43300 t=8.371 hours dt=747.021 ms 0.0333 s/step max|w|=2.12 theta=[294.887,300.253] q=[0.00789062,0.0121343] CFL target=.7
[ Info: [n064_weno9_surface_layer_t100_s1] iter 43400 t=8.391 hours dt=744.835 ms 0.0257 s/step max|w|=2.16 theta=[295.029,300.253] q=[0.00785738,0.0122562] CFL target=.7
[ Info: [n064_weno9_surface_layer_t100_s1] iter 43500 t=8.411 hours dt=742.981 ms 0.0322 s/step max|w|=2.28 theta=[295.002,300.253] q=[0.00785907,0.0122518] CFL target=.7
[ Info: [n064_weno9_surface_layer_t100_s1] iter 43600 t=8.431 hours dt=741.023 ms 0.0329 s/step max|w|=2.14 theta=[294.958,300.253] q=[0.00786512,0.012329] CFL target=.7
[ Info: [n064_weno9_surface_layer_t100_s1] iter 43700 t=8.450 hours dt=739.237 ms 0.0357 s/step max|w|=2.1 theta=[295.052,300.252] q=[0.00781267,0.0122322] CFL target=.7
[ Info: [n064_weno9_surface_layer_t100_s1] iter 43800 t=8.470 hours dt=737.549 ms 0.0325 s/step max|w|=2.34 theta=[295.099,300.252] q=[0.00782779,0.0123995] CFL target=.7
[ Info: [n064_weno9_surface_layer_t100_s1] iter 43900 t=8.490 hours dt=735.773 ms 0.0332 s/step max|w|=2.05 theta=[295.160,300.251] q=[0.00782696,0.0124163] CFL target=.7
[ Info: [n064_weno9_surface_layer_t100_s1] iter 44000 t=8.510 hours dt=733.783 ms 0.0261 s/step max|w|=1.98 theta=[295.134,300.251] q=[0.00778813,0.0124369] CFL target=.7
[ Info: [n064_weno9_surface_layer_t100_s1] iter 44100 t=8.530 hours dt=731.521 ms 0.0322 s/step max|w|=1.98 theta=[295.176,300.251] q=[0.00781108,0.0123648] CFL target=.7
[ Info: [n064_weno9_surface_layer_t100_s1] iter 44200 t=8.550 hours dt=729.885 ms 0.0335 s/step max|w|=2.18 theta=[295.202,300.250] q=[0.00777448,0.0123486] CFL target=.7
[ Info: [n064_weno9_surface_layer_t100_s1] iter 44300 t=8.569 hours dt=728.130 ms 0.0328 s/step max|w|=1.9 theta=[295.151,300.250] q=[0.00780818,0.0124236] CFL target=.7
[ Info: [n064_weno9_surface_layer_t100_s1] iter 44400 t=8.589 hours dt=726.322 ms 0.0363 s/step max|w|=1.99 theta=[295.202,300.250] q=[0.00777546,0.0125351] CFL target=.7
[ Info: [n064_weno9_surface_layer_t100_s1] iter 44500 t=8.609 hours dt=725.396 ms 0.0336 s/step max|w|=2.46 theta=[295.283,300.249] q=[0.0077459,0.0124971] CFL target=.7
[ Info: [n064_weno9_surface_layer_t100_s1] iter 44600 t=8.629 hours dt=723.738 ms 0.0325 s/step max|w|=2.15 theta=[295.308,300.249] q=[0.00781753,0.0124716] CFL target=.7
[ Info: [n064_weno9_surface_layer_t100_s1] iter 44700 t=8.649 hours dt=722.295 ms 0.0334 s/step max|w|=1.98 theta=[295.365,300.249] q=[0.00782677,0.0124408] CFL target=.7
[ Info: [n064_weno9_surface_layer_t100_s1] iter 44800 t=8.669 hours dt=720.317 ms 0.0341 s/step max|w|=1.97 theta=[295.482,300.249] q=[0.00784113,0.0124977] CFL target=.7
[ Info: [n064_weno9_surface_layer_t100_s1] iter 44900 t=8.689 hours dt=719.001 ms 0.0334 s/step max|w|=2.02 theta=[295.516,300.249] q=[0.00782403,0.0124881] CFL target=.7
[ Info: [n064_weno9_surface_layer_t100_s1] iter 45000 t=8.708 hours dt=717.575 ms 0.0258 s/step max|w|=2.29 theta=[295.429,300.249] q=[0.00782801,0.0126473] CFL target=.7
[ Info: [n064_weno9_surface_layer_t100_s1] iter 45100 t=8.728 hours dt=715.952 ms 0.0365 s/step max|w|=2.25 theta=[295.482,300.248] q=[0.0078358,0.0126033] CFL target=.7
[ Info: [n064_weno9_surface_layer_t100_s1] iter 45200 t=8.748 hours dt=714.720 ms 0.0328 s/step max|w|=2.17 theta=[295.552,300.247] q=[0.00759455,0.0126994] CFL target=.7
[ Info: [n064_weno9_surface_layer_t100_s1] iter 45300 t=8.767 hours dt=713.583 ms 0.0344 s/step max|w|=2.06 theta=[295.564,300.247] q=[0.00779428,0.012626] CFL target=.7
[ Info: [n064_weno9_surface_layer_t100_s1] iter 45400 t=8.786 hours dt=712.047 ms 0.0309 s/step max|w|=2.16 theta=[295.663,300.246] q=[0.00769368,0.0126634] CFL target=.7
[ Info: [n064_weno9_surface_layer_t100_s1] iter 45500 t=8.804 hours dt=710.881 ms 0.0332 s/step max|w|=2.25 theta=[295.561,300.246] q=[0.00770981,0.0126556] CFL target=.7
[ Info: [n064_weno9_surface_layer_t100_s1] iter 45600 t=8.823 hours dt=709.489 ms 0.0340 s/step max|w|=1.94 theta=[295.577,300.245] q=[0.00770748,0.0128047] CFL target=.7
[ Info: [n064_weno9_surface_layer_t100_s1] iter 45700 t=8.841 hours dt=708.686 ms 0.0318 s/step max|w|=2.04 theta=[295.783,300.245] q=[0.00784019,0.0125592] CFL target=.7
[ Info: [n064_weno9_surface_layer_t100_s1] iter 45800 t=8.860 hours dt=707.145 ms 0.0336 s/step max|w|=1.95 theta=[295.798,300.244] q=[0.00778541,0.0128073] CFL target=.7
[ Info: [n064_weno9_surface_layer_t100_s1] iter 45900 t=8.878 hours dt=706.341 ms 0.0260 s/step max|w|=1.93 theta=[295.779,300.244] q=[0.00777902,0.0126808] CFL target=.7
[ Info: [n064_weno9_surface_layer_t100_s1] iter 46000 t=8.897 hours dt=704.570 ms 0.0305 s/step max|w|=1.94 theta=[295.792,300.244] q=[0.00775988,0.0126403] CFL target=.7
[ Info: [n064_weno9_surface_layer_t100_s1] iter 46100 t=8.915 hours dt=703.100 ms 0.0343 s/step max|w|=2.19 theta=[295.872,300.244] q=[0.00776,0.0125968] CFL target=.7
[ Info: [n064_weno9_surface_layer_t100_s1] iter 46200 t=8.934 hours dt=702.670 ms 0.0336 s/step max|w|=2.33 theta=[295.906,300.243] q=[0.00772214,0.0127173] CFL target=.7
[ Info: [n064_weno9_surface_layer_t100_s1] iter 46300 t=8.952 hours dt=701.501 ms 0.0310 s/step max|w|=2.58 theta=[295.986,300.243] q=[0.00780262,0.0127824] CFL target=.7
[ Info: [n064_weno9_surface_layer_t100_s1] iter 46400 t=8.971 hours dt=700.459 ms 0.0341 s/step max|w|=2.27 theta=[296.016,300.243] q=[0.00781181,0.012761] CFL target=.7
[ Info: [n064_weno9_surface_layer_t100_s1] iter 46500 t=8.989 hours dt=698.988 ms 0.0341 s/step max|w|=3.03 theta=[295.870,300.244] q=[0.0077618,0.0127943] CFL target=.7
[ Info: Simulation is stopping after running for 19.653 minutes.
[ Info: Simulation time 9 hours equals or exceeds stop time 9 hours.
SLD_REGISTERED_CASE_DONE case_id=n064_weno9_surface_layer_t100_s1 run_directory=/shared/home/greg/review-coordination/gabls3-sld-production-131ad9b-v2-20260922/runs/n064_weno9_surface_layer_t100_s1
SLD_RECORDED_BATCH_EXIT job=7343 task=2 child_exit_code=0 record=/shared/home/greg/review-coordination/gabls3-sld-production-131ad9b-v2-20260922/logs/gabls3_sld_7343_2.exit
